Archive member included because of file (symbol)

/Users/kevintownsend/Downloads/gcc-arm-none-eabi-4_8-2013q4/lib/gcc/arm-none-eabi/4.8.3/armv6-m/libgcc.a(_udivsi3.o)
                              _build/btle.o (__aeabi_uidiv)
/Users/kevintownsend/Downloads/gcc-arm-none-eabi-4_8-2013q4/lib/gcc/arm-none-eabi/4.8.3/armv6-m/libgcc.a(_dvmd_tls.o)
                              /Users/kevintownsend/Downloads/gcc-arm-none-eabi-4_8-2013q4/lib/gcc/arm-none-eabi/4.8.3/armv6-m/libgcc.a(_udivsi3.o) (__aeabi_idiv0)
/Users/kevintownsend/Downloads/gcc-arm-none-eabi-4_8-2013q4/lib/gcc/arm-none-eabi/4.8.3/armv6-m/libgcc.a(_arm_cmpdf2.o)
                              _build/stdio.o (__aeabi_dcmpeq)
/Users/kevintownsend/Downloads/gcc-arm-none-eabi-4_8-2013q4/lib/gcc/arm-none-eabi/4.8.3/armv6-m/libgcc.a(adddf3.o)
                              _build/stdio.o (__aeabi_dadd)
/Users/kevintownsend/Downloads/gcc-arm-none-eabi-4_8-2013q4/lib/gcc/arm-none-eabi/4.8.3/armv6-m/libgcc.a(divdf3.o)
                              _build/stdio.o (__aeabi_ddiv)
/Users/kevintownsend/Downloads/gcc-arm-none-eabi-4_8-2013q4/lib/gcc/arm-none-eabi/4.8.3/armv6-m/libgcc.a(eqdf2.o)
                              /Users/kevintownsend/Downloads/gcc-arm-none-eabi-4_8-2013q4/lib/gcc/arm-none-eabi/4.8.3/armv6-m/libgcc.a(_arm_cmpdf2.o) (__eqdf2)
/Users/kevintownsend/Downloads/gcc-arm-none-eabi-4_8-2013q4/lib/gcc/arm-none-eabi/4.8.3/armv6-m/libgcc.a(gedf2.o)
                              /Users/kevintownsend/Downloads/gcc-arm-none-eabi-4_8-2013q4/lib/gcc/arm-none-eabi/4.8.3/armv6-m/libgcc.a(_arm_cmpdf2.o) (__gedf2)
/Users/kevintownsend/Downloads/gcc-arm-none-eabi-4_8-2013q4/lib/gcc/arm-none-eabi/4.8.3/armv6-m/libgcc.a(ledf2.o)
                              /Users/kevintownsend/Downloads/gcc-arm-none-eabi-4_8-2013q4/lib/gcc/arm-none-eabi/4.8.3/armv6-m/libgcc.a(_arm_cmpdf2.o) (__ledf2)
/Users/kevintownsend/Downloads/gcc-arm-none-eabi-4_8-2013q4/lib/gcc/arm-none-eabi/4.8.3/armv6-m/libgcc.a(muldf3.o)
                              _build/stdio.o (__aeabi_dmul)
/Users/kevintownsend/Downloads/gcc-arm-none-eabi-4_8-2013q4/lib/gcc/arm-none-eabi/4.8.3/armv6-m/libgcc.a(subdf3.o)
                              _build/stdio.o (__aeabi_dsub)
/Users/kevintownsend/Downloads/gcc-arm-none-eabi-4_8-2013q4/lib/gcc/arm-none-eabi/4.8.3/armv6-m/libgcc.a(fixdfsi.o)
                              _build/stdio.o (__aeabi_d2iz)
/Users/kevintownsend/Downloads/gcc-arm-none-eabi-4_8-2013q4/lib/gcc/arm-none-eabi/4.8.3/armv6-m/libgcc.a(floatsidf.o)
                              _build/stdio.o (__aeabi_i2d)
/Users/kevintownsend/Downloads/gcc-arm-none-eabi-4_8-2013q4/lib/gcc/arm-none-eabi/4.8.3/armv6-m/libgcc.a(_clzsi2.o)
                              /Users/kevintownsend/Downloads/gcc-arm-none-eabi-4_8-2013q4/lib/gcc/arm-none-eabi/4.8.3/armv6-m/libgcc.a(adddf3.o) (__clzsi2)
/Users/kevintownsend/Downloads/gcc-arm-none-eabi-4_8-2013q4/arm-none-eabi/lib/armv6-m/libc.a(lib_a-exit.o)
                              /Users/kevintownsend/Downloads/gcc-arm-none-eabi-4_8-2013q4/bin/../lib/gcc/arm-none-eabi/4.8.3/../../../../arm-none-eabi/lib/armv6-m/crt0.o (exit)
/Users/kevintownsend/Downloads/gcc-arm-none-eabi-4_8-2013q4/arm-none-eabi/lib/armv6-m/libc.a(lib_a-impure.o)
                              /Users/kevintownsend/Downloads/gcc-arm-none-eabi-4_8-2013q4/arm-none-eabi/lib/armv6-m/libc.a(lib_a-exit.o) (_global_impure_ptr)
/Users/kevintownsend/Downloads/gcc-arm-none-eabi-4_8-2013q4/arm-none-eabi/lib/armv6-m/libc.a(lib_a-init.o)
                              /Users/kevintownsend/Downloads/gcc-arm-none-eabi-4_8-2013q4/bin/../lib/gcc/arm-none-eabi/4.8.3/../../../../arm-none-eabi/lib/armv6-m/crt0.o (__libc_init_array)
/Users/kevintownsend/Downloads/gcc-arm-none-eabi-4_8-2013q4/arm-none-eabi/lib/armv6-m/libc.a(lib_a-memcmp.o)
                              _build/ble_bondmngr.o (memcmp)
/Users/kevintownsend/Downloads/gcc-arm-none-eabi-4_8-2013q4/arm-none-eabi/lib/armv6-m/libc.a(lib_a-memcpy-stub.o)
                              _build/btle.o (memcpy)
/Users/kevintownsend/Downloads/gcc-arm-none-eabi-4_8-2013q4/arm-none-eabi/lib/armv6-m/libc.a(lib_a-memmove.o)
                              _build/ble_hrs.o (memmove)
/Users/kevintownsend/Downloads/gcc-arm-none-eabi-4_8-2013q4/arm-none-eabi/lib/armv6-m/libc.a(lib_a-memset.o)
                              /Users/kevintownsend/Downloads/gcc-arm-none-eabi-4_8-2013q4/bin/../lib/gcc/arm-none-eabi/4.8.3/../../../../arm-none-eabi/lib/armv6-m/crt0.o (memset)
/Users/kevintownsend/Downloads/gcc-arm-none-eabi-4_8-2013q4/arm-none-eabi/lib/armv6-m/libc.a(lib_a-strlen.o)
                              _build/btle_gap.o (strlen)
/Users/kevintownsend/Downloads/gcc-arm-none-eabi-4_8-2013q4/arm-none-eabi/lib/armv6-m/libc.a(lib_a-__call_atexit.o)
                              /Users/kevintownsend/Downloads/gcc-arm-none-eabi-4_8-2013q4/arm-none-eabi/lib/armv6-m/libc.a(lib_a-exit.o) (__call_exitprocs)
[...]
Memory Configuration

Name             Origin             Length             Attributes
FLASH            0x0000000000014000 0x000000000002c000 xr
RAM              0x0000000020002000 0x0000000000002000 xrw
*default*        0x0000000000000000 0xffffffffffffffff

Linker script and memory map

LOAD /Users/kevintownsend/Downloads/gcc-arm-none-eabi-4_8-2013q4/bin/../lib/gcc/arm-none-eabi/4.8.3/armv6-m/crti.o
LOAD /Users/kevintownsend/Downloads/gcc-arm-none-eabi-4_8-2013q4/bin/../lib/gcc/arm-none-eabi/4.8.3/armv6-m/crtbegin.o
LOAD /Users/kevintownsend/Downloads/gcc-arm-none-eabi-4_8-2013q4/bin/../lib/gcc/arm-none-eabi/4.8.3/../../../../arm-none-eabi/lib/armv6-m/crt0.o
LOAD _build/main.o
LOAD _build/heart_rate.o
LOAD _build/btle.o
LOAD _build/btle_gap.o
LOAD _build/btle_advertising.o
LOAD _build/printf_retarget.o
LOAD _build/stdio.o
LOAD _build/board_pca10001.o
LOAD _build/app_fifo.o
LOAD _build/app_gpiote.o
LOAD _build/app_timer.o
LOAD _build/app_button.o
LOAD _build/app_uart_fifo.o
LOAD _build/softdevice_handler.o
LOAD _build/ble_advdata.o
LOAD _build/ble_bondmngr.o
LOAD _build/ble_conn_params.o
LOAD _build/ble_flash.o
LOAD _build/pstorage.o
LOAD _build/crc16.o
LOAD _build/ble_srv_common.o
LOAD _build/ble_hrs.o
LOAD _build/simple_uart.o
LOAD _build/nrf_delay.o
LOAD _build/system_nrf51.o
LOAD _build/gcc_startup_nrf51.o
START GROUP
LOAD /Users/kevintownsend/Downloads/gcc-arm-none-eabi-4_8-2013q4/lib/gcc/arm-none-eabi/4.8.3/armv6-m/libgcc.a
LOAD /Users/kevintownsend/Downloads/gcc-arm-none-eabi-4_8-2013q4/arm-none-eabi/lib/armv6-m/libc.a
END GROUP
LOAD /Users/kevintownsend/Downloads/gcc-arm-none-eabi-4_8-2013q4/bin/../lib/gcc/arm-none-eabi/4.8.3/armv6-m/crtend.o
LOAD /Users/kevintownsend/Downloads/gcc-arm-none-eabi-4_8-2013q4/bin/../lib/gcc/arm-none-eabi/4.8.3/armv6-m/crtn.o
START GROUP
LOAD /Users/kevintownsend/Downloads/gcc-arm-none-eabi-4_8-2013q4/lib/gcc/arm-none-eabi/4.8.3/armv6-m/libgcc.a
LOAD /Users/kevintownsend/Downloads/gcc-arm-none-eabi-4_8-2013q4/arm-none-eabi/lib/armv6-m/libc.a
LOAD /Users/kevintownsend/Downloads/gcc-arm-none-eabi-4_8-2013q4/arm-none-eabi/lib/armv6-m/libnosys.a
END GROUP

.text           0x0000000000014000     0xd4e8
 *(.Vectors)
 .Vectors       0x0000000000014000       0xc0 _build/gcc_startup_nrf51.o
                0x0000000000014000                __Vectors
 *(.text*)
 .text          0x00000000000140c0        0x0 /Users/kevintownsend/Downloads/gcc-arm-none-eabi-4_8-2013q4/bin/../lib/gcc/arm-none-eabi/4.8.3/armv6-m/crti.o
 .text          0x00000000000140c0       0x60 /Users/kevintownsend/Downloads/gcc-arm-none-eabi-4_8-2013q4/bin/../lib/gcc/arm-none-eabi/4.8.3/armv6-m/crtbegin.o
 .text          0x0000000000014120       0x78 /Users/kevintownsend/Downloads/gcc-arm-none-eabi-4_8-2013q4/bin/../lib/gcc/arm-none-eabi/4.8.3/../../../../arm-none-eabi/lib/armv6-m/crt0.o
                0x0000000000014120                _mainCRTStartup
                0x0000000000014120                _start
 .text          0x0000000000014198        0x0 _build/main.o
 .text.sd_ble_gap_address_set
                0x0000000000014198        0x8 _build/main.o
 .text.sd_ble_gap_address_get
                0x00000000000141a0        0x8 _build/main.o
 .text.sd_ble_gap_adv_data_set
                0x00000000000141a8        0x8 _build/main.o
 .text.sd_ble_gap_adv_start
                0x00000000000141b0        0x8 _build/main.o
 .text.sd_ble_gap_adv_stop
                0x00000000000141b8        0x8 _build/main.o
 .text.sd_ble_gap_conn_param_update
                0x00000000000141c0        0x8 _build/main.o
 .text.sd_ble_gap_disconnect
                0x00000000000141c8        0x8 _build/main.o
 .text.sd_ble_gap_tx_power_set
                0x00000000000141d0        0x8 _build/main.o
 .text.sd_ble_gap_appearance_set
                0x00000000000141d8        0x8 _build/main.o
 .text.sd_ble_gap_appearance_get
                0x00000000000141e0        0x8 _build/main.o
 .text.sd_ble_gap_ppcp_set
                0x00000000000141e8        0x8 _build/main.o
 .text.sd_ble_gap_ppcp_get
                0x00000000000141f0        0x8 _build/main.o
 .text.sd_ble_gap_device_name_set
                0x00000000000141f8        0x8 _build/main.o
 .text.sd_ble_gap_device_name_get
                0x0000000000014200        0x8 _build/main.o
 .text.sd_ble_gap_authenticate
                0x0000000000014208        0x8 _build/main.o
 .text.sd_ble_gap_sec_params_reply
                0x0000000000014210        0x8 _build/main.o
 .text.sd_ble_gap_auth_key_reply
                0x0000000000014218        0x8 _build/main.o
 .text.sd_ble_gap_sec_info_reply
                0x0000000000014220        0x8 _build/main.o
 .text.sd_ble_gap_conn_sec_get
                0x0000000000014228        0x8 _build/main.o
 .text.sd_ble_gap_rssi_start
                0x0000000000014230        0x8 _build/main.o
 .text.sd_ble_gap_rssi_stop
                0x0000000000014238        0x8 _build/main.o
 .text.sd_ble_l2cap_cid_register
                0x0000000000014240        0x8 _build/main.o
 .text.sd_ble_l2cap_cid_unregister
                0x0000000000014248        0x8 _build/main.o
 .text.sd_ble_l2cap_tx
                0x0000000000014250        0x8 _build/main.o
 .text.sd_ble_gattc_primary_services_discover
                0x0000000000014258        0x8 _build/main.o
 .text.sd_ble_gattc_relationships_discover
                0x0000000000014260        0x8 _build/main.o
 .text.sd_ble_gattc_characteristics_discover
                0x0000000000014268        0x8 _build/main.o
 .text.sd_ble_gattc_descriptors_discover
                0x0000000000014270        0x8 _build/main.o
 .text.sd_ble_gattc_char_value_by_uuid_read
                0x0000000000014278        0x8 _build/main.o
 .text.sd_ble_gattc_read
                0x0000000000014280        0x8 _build/main.o
 .text.sd_ble_gattc_char_values_read
                0x0000000000014288        0x8 _build/main.o
 .text.sd_ble_gattc_write
                0x0000000000014290        0x8 _build/main.o
 .text.sd_ble_gattc_hv_confirm
                0x0000000000014298        0x8 _build/main.o
 .text.sd_ble_gatts_service_add
                0x00000000000142a0        0x8 _build/main.o
 .text.sd_ble_gatts_include_add
                0x00000000000142a8        0x8 _build/main.o
 .text.sd_ble_gatts_characteristic_add
                0x00000000000142b0        0x8 _build/main.o
 .text.sd_ble_gatts_descriptor_add
                0x00000000000142b8        0x8 _build/main.o
 .text.sd_ble_gatts_value_set
                0x00000000000142c0        0x8 _build/main.o
 .text.sd_ble_gatts_value_get
                0x00000000000142c8        0x8 _build/main.o
 .text.sd_ble_gatts_hvx
                0x00000000000142d0        0x8 _build/main.o
 .text.sd_ble_gatts_service_changed
                0x00000000000142d8        0x8 _build/main.o
 .text.sd_ble_gatts_rw_authorize_reply
                0x00000000000142e0        0x8 _build/main.o
 .text.sd_ble_gatts_sys_attr_set
                0x00000000000142e8        0x8 _build/main.o
 .text.sd_ble_gatts_sys_attr_get
                0x00000000000142f0        0x8 _build/main.o
 .text.sd_ble_evt_get
                0x00000000000142f8        0x8 _build/main.o
 .text.sd_ble_tx_buffer_count_get
                0x0000000000014300        0x8 _build/main.o
 .text.sd_ble_uuid_vs_add
                0x0000000000014308        0x8 _build/main.o
 .text.sd_ble_uuid_decode
                0x0000000000014310        0x8 _build/main.o
 .text.sd_ble_uuid_encode
                0x0000000000014318        0x8 _build/main.o
 .text.sd_ble_version_get
                0x0000000000014320        0x8 _build/main.o
 .text.sd_ble_user_mem_reply
                0x0000000000014328        0x8 _build/main.o
 .text.blinky_handler
                0x0000000000014330       0x4c _build/main.o
 .text.boardButtonCallback
                0x000000000001437c       0x28 _build/main.o
                0x000000000001437c                boardButtonCallback
 .text.main     0x00000000000143a4       0xa0 _build/main.o
                0x00000000000143a4                main
 .text          0x0000000000014444        0x0 _build/heart_rate.o
 .text.sd_ble_gap_address_set
                0x0000000000014444        0x8 _build/heart_rate.o
 .text.sd_ble_gap_address_get
                0x000000000001444c        0x8 _build/heart_rate.o
 .text.sd_ble_gap_adv_data_set
                0x0000000000014454        0x8 _build/heart_rate.o
 .text.sd_ble_gap_adv_start
                0x000000000001445c        0x8 _build/heart_rate.o
 .text.sd_ble_gap_adv_stop
                0x0000000000014464        0x8 _build/heart_rate.o
 .text.sd_ble_gap_conn_param_update
                0x000000000001446c        0x8 _build/heart_rate.o
 .text.sd_ble_gap_disconnect
                0x0000000000014474        0x8 _build/heart_rate.o
 .text.sd_ble_gap_tx_power_set
                0x000000000001447c        0x8 _build/heart_rate.o
 .text.sd_ble_gap_appearance_set
                0x0000000000014484        0x8 _build/heart_rate.o
 .text.sd_ble_gap_appearance_get
                0x000000000001448c        0x8 _build/heart_rate.o
 .text.sd_ble_gap_ppcp_set
                0x0000000000014494        0x8 _build/heart_rate.o
 .text.sd_ble_gap_ppcp_get
                0x000000000001449c        0x8 _build/heart_rate.o
 .text.sd_ble_gap_device_name_set
                0x00000000000144a4        0x8 _build/heart_rate.o
 .text.sd_ble_gap_device_name_get
                0x00000000000144ac        0x8 _build/heart_rate.o
 .text.sd_ble_gap_authenticate
                0x00000000000144b4        0x8 _build/heart_rate.o
 .text.sd_ble_gap_sec_params_reply
                0x00000000000144bc        0x8 _build/heart_rate.o
 .text.sd_ble_gap_auth_key_reply
                0x00000000000144c4        0x8 _build/heart_rate.o
 .text.sd_ble_gap_sec_info_reply
                0x00000000000144cc        0x8 _build/heart_rate.o
 .text.sd_ble_gap_conn_sec_get
                0x00000000000144d4        0x8 _build/heart_rate.o
 .text.sd_ble_gap_rssi_start
                0x00000000000144dc        0x8 _build/heart_rate.o
 .text.sd_ble_gap_rssi_stop
                0x00000000000144e4        0x8 _build/heart_rate.o
 .text.sd_ble_l2cap_cid_register
                0x00000000000144ec        0x8 _build/heart_rate.o
 .text.sd_ble_l2cap_cid_unregister
                0x00000000000144f4        0x8 _build/heart_rate.o
 .text.sd_ble_l2cap_tx
                0x00000000000144fc        0x8 _build/heart_rate.o
 .text.sd_ble_gattc_primary_services_discover
                0x0000000000014504        0x8 _build/heart_rate.o
 .text.sd_ble_gattc_relationships_discover
                0x000000000001450c        0x8 _build/heart_rate.o
 .text.sd_ble_gattc_characteristics_discover
                0x0000000000014514        0x8 _build/heart_rate.o
 .text.sd_ble_gattc_descriptors_discover
                0x000000000001451c        0x8 _build/heart_rate.o
 .text.sd_ble_gattc_char_value_by_uuid_read
                0x0000000000014524        0x8 _build/heart_rate.o
 .text.sd_ble_gattc_read
                0x000000000001452c        0x8 _build/heart_rate.o
 .text.sd_ble_gattc_char_values_read
                0x0000000000014534        0x8 _build/heart_rate.o
 .text.sd_ble_gattc_write
                0x000000000001453c        0x8 _build/heart_rate.o
 .text.sd_ble_gattc_hv_confirm
                0x0000000000014544        0x8 _build/heart_rate.o
 .text.sd_ble_gatts_service_add
                0x000000000001454c        0x8 _build/heart_rate.o
 .text.sd_ble_gatts_include_add
                0x0000000000014554        0x8 _build/heart_rate.o
 .text.sd_ble_gatts_characteristic_add
                0x000000000001455c        0x8 _build/heart_rate.o
 .text.sd_ble_gatts_descriptor_add
                0x0000000000014564        0x8 _build/heart_rate.o
 .text.sd_ble_gatts_value_set
                0x000000000001456c        0x8 _build/heart_rate.o
 .text.sd_ble_gatts_value_get
                0x0000000000014574        0x8 _build/heart_rate.o
 .text.sd_ble_gatts_hvx
                0x000000000001457c        0x8 _build/heart_rate.o
 .text.sd_ble_gatts_service_changed
                0x0000000000014584        0x8 _build/heart_rate.o
 .text.sd_ble_gatts_rw_authorize_reply
                0x000000000001458c        0x8 _build/heart_rate.o
 .text.sd_ble_gatts_sys_attr_set
                0x0000000000014594        0x8 _build/heart_rate.o
 .text.sd_ble_gatts_sys_attr_get
                0x000000000001459c        0x8 _build/heart_rate.o
 .text.sd_ble_evt_get
                0x00000000000145a4        0x8 _build/heart_rate.o
 .text.sd_ble_tx_buffer_count_get
                0x00000000000145ac        0x8 _build/heart_rate.o
 .text.sd_ble_uuid_vs_add
                0x00000000000145b4        0x8 _build/heart_rate.o
 .text.sd_ble_uuid_decode
                0x00000000000145bc        0x8 _build/heart_rate.o
 .text.sd_ble_uuid_encode
                0x00000000000145c4        0x8 _build/heart_rate.o
 .text.sd_ble_version_get
                0x00000000000145cc        0x8 _build/heart_rate.o
 .text.sd_ble_user_mem_reply
                0x00000000000145d4        0x8 _build/heart_rate.o
 .text.heart_rate_init
                0x00000000000145dc      0x144 _build/heart_rate.o
                0x00000000000145dc                heart_rate_init
 .text.heart_rate_handler
                0x0000000000014720       0x8c _build/heart_rate.o
                0x0000000000014720                heart_rate_handler
 .text.heart_rate_meas_timeout_handler
                0x00000000000147ac       0xd4 _build/heart_rate.o
 .text          0x0000000000014880        0x0 _build/btle.o
 .text.NVIC_SystemReset
                0x0000000000014880       0x1c _build/btle.o
 .text.sd_ble_gap_address_set
                0x000000000001489c        0x8 _build/btle.o
 .text.sd_ble_gap_address_get
                0x00000000000148a4        0x8 _build/btle.o
 .text.sd_ble_gap_adv_data_set
                0x00000000000148ac        0x8 _build/btle.o
 .text.sd_ble_gap_adv_start
                0x00000000000148b4        0x8 _build/btle.o
 .text.sd_ble_gap_adv_stop
                0x00000000000148bc        0x8 _build/btle.o
 .text.sd_ble_gap_conn_param_update
                0x00000000000148c4        0x8 _build/btle.o
 .text.sd_ble_gap_disconnect
                0x00000000000148cc        0x8 _build/btle.o
 .text.sd_ble_gap_tx_power_set
                0x00000000000148d4        0x8 _build/btle.o
 .text.sd_ble_gap_appearance_set
                0x00000000000148dc        0x8 _build/btle.o
 .text.sd_ble_gap_appearance_get
                0x00000000000148e4        0x8 _build/btle.o
 .text.sd_ble_gap_ppcp_set
                0x00000000000148ec        0x8 _build/btle.o
 .text.sd_ble_gap_ppcp_get
                0x00000000000148f4        0x8 _build/btle.o
 .text.sd_ble_gap_device_name_set
                0x00000000000148fc        0x8 _build/btle.o
 .text.sd_ble_gap_device_name_get
                0x0000000000014904        0x8 _build/btle.o
 .text.sd_ble_gap_authenticate
                0x000000000001490c        0x8 _build/btle.o
 .text.sd_ble_gap_sec_params_reply
                0x0000000000014914        0x8 _build/btle.o
 .text.sd_ble_gap_auth_key_reply
                0x000000000001491c        0x8 _build/btle.o
 .text.sd_ble_gap_sec_info_reply
                0x0000000000014924        0x8 _build/btle.o
 .text.sd_ble_gap_conn_sec_get
                0x000000000001492c        0x8 _build/btle.o
 .text.sd_ble_gap_rssi_start
                0x0000000000014934        0x8 _build/btle.o
 .text.sd_ble_gap_rssi_stop
                0x000000000001493c        0x8 _build/btle.o
 .text.sd_ble_l2cap_cid_register
                0x0000000000014944        0x8 _build/btle.o
 .text.sd_ble_l2cap_cid_unregister
                0x000000000001494c        0x8 _build/btle.o
 .text.sd_ble_l2cap_tx
                0x0000000000014954        0x8 _build/btle.o
 .text.sd_ble_gattc_primary_services_discover
                0x000000000001495c        0x8 _build/btle.o
 .text.sd_ble_gattc_relationships_discover
                0x0000000000014964        0x8 _build/btle.o
 .text.sd_ble_gattc_characteristics_discover
                0x000000000001496c        0x8 _build/btle.o
 .text.sd_ble_gattc_descriptors_discover
                0x0000000000014974        0x8 _build/btle.o
 .text.sd_ble_gattc_char_value_by_uuid_read
                0x000000000001497c        0x8 _build/btle.o
 .text.sd_ble_gattc_read
                0x0000000000014984        0x8 _build/btle.o
 .text.sd_ble_gattc_char_values_read
                0x000000000001498c        0x8 _build/btle.o
 .text.sd_ble_gattc_write
                0x0000000000014994        0x8 _build/btle.o
 .text.sd_ble_gattc_hv_confirm
                0x000000000001499c        0x8 _build/btle.o
 .text.sd_ble_gatts_service_add
                0x00000000000149a4        0x8 _build/btle.o
 .text.sd_ble_gatts_include_add
                0x00000000000149ac        0x8 _build/btle.o
 .text.sd_ble_gatts_characteristic_add
                0x00000000000149b4        0x8 _build/btle.o
 .text.sd_ble_gatts_descriptor_add
                0x00000000000149bc        0x8 _build/btle.o
 .text.sd_ble_gatts_value_set
                0x00000000000149c4        0x8 _build/btle.o
 .text.sd_ble_gatts_value_get
                0x00000000000149cc        0x8 _build/btle.o
 .text.sd_ble_gatts_hvx
                0x00000000000149d4        0x8 _build/btle.o
 .text.sd_ble_gatts_service_changed
                0x00000000000149dc        0x8 _build/btle.o
 .text.sd_ble_gatts_rw_authorize_reply
                0x00000000000149e4        0x8 _build/btle.o
 .text.sd_ble_gatts_sys_attr_set
                0x00000000000149ec        0x8 _build/btle.o
 .text.sd_ble_gatts_sys_attr_get
                0x00000000000149f4        0x8 _build/btle.o
 .text.sd_ble_evt_get
                0x00000000000149fc        0x8 _build/btle.o
 .text.sd_ble_tx_buffer_count_get
                0x0000000000014a04        0x8 _build/btle.o
 .text.sd_ble_uuid_vs_add
                0x0000000000014a0c        0x8 _build/btle.o
 .text.sd_ble_uuid_decode
                0x0000000000014a14        0x8 _build/btle.o
 .text.sd_ble_uuid_encode
                0x0000000000014a1c        0x8 _build/btle.o
 .text.sd_ble_version_get
                0x0000000000014a24        0x8 _build/btle.o
 .text.sd_ble_user_mem_reply
                0x0000000000014a2c        0x8 _build/btle.o
 .text.sd_mutex_new
                0x0000000000014a34        0x8 _build/btle.o
 .text.sd_mutex_acquire
                0x0000000000014a3c        0x8 _build/btle.o
 .text.sd_mutex_release
                0x0000000000014a44        0x8 _build/btle.o
 .text.sd_nvic_EnableIRQ
                0x0000000000014a4c        0x8 _build/btle.o
 .text.sd_nvic_DisableIRQ
                0x0000000000014a54        0x8 _build/btle.o
 .text.sd_nvic_GetPendingIRQ
                0x0000000000014a5c        0x8 _build/btle.o
 .text.sd_nvic_SetPendingIRQ
                0x0000000000014a64        0x8 _build/btle.o
 .text.sd_nvic_ClearPendingIRQ
                0x0000000000014a6c        0x8 _build/btle.o
 .text.sd_nvic_SetPriority
                0x0000000000014a74        0x8 _build/btle.o
 .text.sd_nvic_GetPriority
                0x0000000000014a7c        0x8 _build/btle.o
 .text.sd_nvic_SystemReset
                0x0000000000014a84        0x8 _build/btle.o
 .text.sd_nvic_critical_region_enter
                0x0000000000014a8c        0x8 _build/btle.o
 .text.sd_nvic_critical_region_exit
                0x0000000000014a94        0x8 _build/btle.o
 .text.sd_rand_application_pool_capacity_get
                0x0000000000014a9c        0x8 _build/btle.o
 .text.sd_rand_application_bytes_available_get
                0x0000000000014aa4        0x8 _build/btle.o
 .text.sd_rand_application_vector_get
                0x0000000000014aac        0x8 _build/btle.o
 .text.sd_power_reset_reason_get
                0x0000000000014ab4        0x8 _build/btle.o
 .text.sd_power_reset_reason_clr
                0x0000000000014abc        0x8 _build/btle.o
 .text.sd_power_mode_set
                0x0000000000014ac4        0x8 _build/btle.o
 .text.sd_power_system_off
                0x0000000000014acc        0x8 _build/btle.o
 .text.sd_power_pof_enable
                0x0000000000014ad4        0x8 _build/btle.o
 .text.sd_power_pof_threshold_set
                0x0000000000014adc        0x8 _build/btle.o
 .text.sd_power_ramon_set
                0x0000000000014ae4        0x8 _build/btle.o
 .text.sd_power_ramon_clr
                0x0000000000014aec        0x8 _build/btle.o
 .text.sd_power_ramon_get
                0x0000000000014af4        0x8 _build/btle.o
 .text.sd_power_gpregret_set
                0x0000000000014afc        0x8 _build/btle.o
 .text.sd_power_gpregret_clr
                0x0000000000014b04        0x8 _build/btle.o
 .text.sd_power_gpregret_get
                0x0000000000014b0c        0x8 _build/btle.o
 .text.sd_power_dcdc_mode_set
                0x0000000000014b14        0x8 _build/btle.o
 .text.sd_clock_hfclk_request
                0x0000000000014b1c        0x8 _build/btle.o
 .text.sd_clock_hfclk_release
                0x0000000000014b24        0x8 _build/btle.o
 .text.sd_clock_hfclk_is_running
                0x0000000000014b2c        0x8 _build/btle.o
 .text.sd_app_evt_wait
                0x0000000000014b34        0x8 _build/btle.o
 .text.sd_ppi_channel_enable_get
                0x0000000000014b3c        0x8 _build/btle.o
 .text.sd_ppi_channel_enable_set
                0x0000000000014b44        0x8 _build/btle.o
 .text.sd_ppi_channel_enable_clr
                0x0000000000014b4c        0x8 _build/btle.o
 .text.sd_ppi_channel_assign
                0x0000000000014b54        0x8 _build/btle.o
 .text.sd_ppi_group_task_enable
                0x0000000000014b5c        0x8 _build/btle.o
 .text.sd_ppi_group_task_disable
                0x0000000000014b64        0x8 _build/btle.o
 .text.sd_ppi_group_assign
                0x0000000000014b6c        0x8 _build/btle.o
 .text.sd_ppi_group_get
                0x0000000000014b74        0x8 _build/btle.o
 .text.sd_radio_notification_cfg_set
                0x0000000000014b7c        0x8 _build/btle.o
 .text.sd_ecb_block_encrypt
                0x0000000000014b84        0x8 _build/btle.o
 .text.sd_evt_get
                0x0000000000014b8c        0x8 _build/btle.o
 .text.sd_temp_get
                0x0000000000014b94        0x8 _build/btle.o
 .text.sd_flash_write
                0x0000000000014b9c        0x8 _build/btle.o
 .text.sd_flash_page_erase
                0x0000000000014ba4        0x8 _build/btle.o
 .text.sd_flash_protect
                0x0000000000014bac        0x8 _build/btle.o
 .text.sd_softdevice_enable
                0x0000000000014bb4        0x8 _build/btle.o
 .text.sd_softdevice_disable
                0x0000000000014bbc        0x8 _build/btle.o
 .text.sd_softdevice_is_enabled
                0x0000000000014bc4        0x8 _build/btle.o
 .text.sd_softdevice_forward_to_application
                0x0000000000014bcc        0x8 _build/btle.o
 .text.btle_init
                0x0000000000014bd4      0x164 _build/btle.o
                0x0000000000014bd4                btle_init
 .text.btle_soc_event_handler
                0x0000000000014d38       0x18 _build/btle.o
 .text.btle_handler
                0x0000000000014d50      0x19c _build/btle.o
 .text.bond_manager_init
                0x0000000000014eec      0x118 _build/btle.o
 .text.service_error_callback
                0x0000000000015004       0x44 _build/btle.o
 .text.assert_nrf_callback
                0x0000000000015048       0x38 _build/btle.o
                0x0000000000015048                assert_nrf_callback
 .text.app_error_handler
                0x0000000000015080       0x4c _build/btle.o
                0x0000000000015080                app_error_handler
 .text          0x00000000000150cc        0x0 _build/btle_gap.o
 .text.sd_ble_gap_address_set
                0x00000000000150cc        0x8 _build/btle_gap.o
 .text.sd_ble_gap_address_get
                0x00000000000150d4        0x8 _build/btle_gap.o
 .text.sd_ble_gap_adv_data_set
                0x00000000000150dc        0x8 _build/btle_gap.o
 .text.sd_ble_gap_adv_start
                0x00000000000150e4        0x8 _build/btle_gap.o
 .text.sd_ble_gap_adv_stop
                0x00000000000150ec        0x8 _build/btle_gap.o
 .text.sd_ble_gap_conn_param_update
                0x00000000000150f4        0x8 _build/btle_gap.o
 .text.sd_ble_gap_disconnect
                0x00000000000150fc        0x8 _build/btle_gap.o
 .text.sd_ble_gap_tx_power_set
                0x0000000000015104        0x8 _build/btle_gap.o
 .text.sd_ble_gap_appearance_set
                0x000000000001510c        0x8 _build/btle_gap.o
 .text.sd_ble_gap_appearance_get
                0x0000000000015114        0x8 _build/btle_gap.o
 .text.sd_ble_gap_ppcp_set
                0x000000000001511c        0x8 _build/btle_gap.o
 .text.sd_ble_gap_ppcp_get
                0x0000000000015124        0x8 _build/btle_gap.o
 .text.sd_ble_gap_device_name_set
                0x000000000001512c        0x8 _build/btle_gap.o
 .text.sd_ble_gap_device_name_get
                0x0000000000015134        0x8 _build/btle_gap.o
 .text.sd_ble_gap_authenticate
                0x000000000001513c        0x8 _build/btle_gap.o
 .text.sd_ble_gap_sec_params_reply
                0x0000000000015144        0x8 _build/btle_gap.o
 .text.sd_ble_gap_auth_key_reply
                0x000000000001514c        0x8 _build/btle_gap.o
 .text.sd_ble_gap_sec_info_reply
                0x0000000000015154        0x8 _build/btle_gap.o
 .text.sd_ble_gap_conn_sec_get
                0x000000000001515c        0x8 _build/btle_gap.o
 .text.sd_ble_gap_rssi_start
                0x0000000000015164        0x8 _build/btle_gap.o
 .text.sd_ble_gap_rssi_stop
                0x000000000001516c        0x8 _build/btle_gap.o
 .text.sd_ble_l2cap_cid_register
                0x0000000000015174        0x8 _build/btle_gap.o
 .text.sd_ble_l2cap_cid_unregister
                0x000000000001517c        0x8 _build/btle_gap.o
 .text.sd_ble_l2cap_tx
                0x0000000000015184        0x8 _build/btle_gap.o
 .text.sd_ble_gattc_primary_services_discover
                0x000000000001518c        0x8 _build/btle_gap.o
 .text.sd_ble_gattc_relationships_discover
                0x0000000000015194        0x8 _build/btle_gap.o
 .text.sd_ble_gattc_characteristics_discover
                0x000000000001519c        0x8 _build/btle_gap.o
 .text.sd_ble_gattc_descriptors_discover
                0x00000000000151a4        0x8 _build/btle_gap.o
 .text.sd_ble_gattc_char_value_by_uuid_read
                0x00000000000151ac        0x8 _build/btle_gap.o
 .text.sd_ble_gattc_read
                0x00000000000151b4        0x8 _build/btle_gap.o
 .text.sd_ble_gattc_char_values_read
                0x00000000000151bc        0x8 _build/btle_gap.o
 .text.sd_ble_gattc_write
                0x00000000000151c4        0x8 _build/btle_gap.o
 .text.sd_ble_gattc_hv_confirm
                0x00000000000151cc        0x8 _build/btle_gap.o
 .text.sd_ble_gatts_service_add
                0x00000000000151d4        0x8 _build/btle_gap.o
 .text.sd_ble_gatts_include_add
                0x00000000000151dc        0x8 _build/btle_gap.o
 .text.sd_ble_gatts_characteristic_add
                0x00000000000151e4        0x8 _build/btle_gap.o
 .text.sd_ble_gatts_descriptor_add
                0x00000000000151ec        0x8 _build/btle_gap.o
 .text.sd_ble_gatts_value_set
                0x00000000000151f4        0x8 _build/btle_gap.o
 .text.sd_ble_gatts_value_get
                0x00000000000151fc        0x8 _build/btle_gap.o
 .text.sd_ble_gatts_hvx
                0x0000000000015204        0x8 _build/btle_gap.o
 .text.sd_ble_gatts_service_changed
                0x000000000001520c        0x8 _build/btle_gap.o
 .text.sd_ble_gatts_rw_authorize_reply
                0x0000000000015214        0x8 _build/btle_gap.o
 .text.sd_ble_gatts_sys_attr_set
                0x000000000001521c        0x8 _build/btle_gap.o
 .text.sd_ble_gatts_sys_attr_get
                0x0000000000015224        0x8 _build/btle_gap.o
 .text.sd_ble_evt_get
                0x000000000001522c        0x8 _build/btle_gap.o
 .text.sd_ble_tx_buffer_count_get
                0x0000000000015234        0x8 _build/btle_gap.o
 .text.sd_ble_uuid_vs_add
                0x000000000001523c        0x8 _build/btle_gap.o
 .text.sd_ble_uuid_decode
                0x0000000000015244        0x8 _build/btle_gap.o
 .text.sd_ble_uuid_encode
                0x000000000001524c        0x8 _build/btle_gap.o
 .text.sd_ble_version_get
                0x0000000000015254        0x8 _build/btle_gap.o
 .text.sd_ble_user_mem_reply
                0x000000000001525c        0x8 _build/btle_gap.o
 .text.btle_gap_init
                0x0000000000015264      0x1e0 _build/btle_gap.o
                0x0000000000015264                btle_gap_init
 .text.error_callback
                0x0000000000015444       0x48 _build/btle_gap.o
 .text          0x000000000001548c        0x0 _build/btle_advertising.o
 .text.sd_ble_gap_address_set
                0x000000000001548c        0x8 _build/btle_advertising.o
 .text.sd_ble_gap_address_get
                0x0000000000015494        0x8 _build/btle_advertising.o
 .text.sd_ble_gap_adv_data_set
                0x000000000001549c        0x8 _build/btle_advertising.o
 .text.sd_ble_gap_adv_start
                0x00000000000154a4        0x8 _build/btle_advertising.o
 .text.sd_ble_gap_adv_stop
                0x00000000000154ac        0x8 _build/btle_advertising.o
 .text.sd_ble_gap_conn_param_update
                0x00000000000154b4        0x8 _build/btle_advertising.o
 .text.sd_ble_gap_disconnect
                0x00000000000154bc        0x8 _build/btle_advertising.o
 .text.sd_ble_gap_tx_power_set
                0x00000000000154c4        0x8 _build/btle_advertising.o
 .text.sd_ble_gap_appearance_set
                0x00000000000154cc        0x8 _build/btle_advertising.o
 .text.sd_ble_gap_appearance_get
                0x00000000000154d4        0x8 _build/btle_advertising.o
 .text.sd_ble_gap_ppcp_set
                0x00000000000154dc        0x8 _build/btle_advertising.o
 .text.sd_ble_gap_ppcp_get
                0x00000000000154e4        0x8 _build/btle_advertising.o
 .text.sd_ble_gap_device_name_set
                0x00000000000154ec        0x8 _build/btle_advertising.o
 .text.sd_ble_gap_device_name_get
                0x00000000000154f4        0x8 _build/btle_advertising.o
 .text.sd_ble_gap_authenticate
                0x00000000000154fc        0x8 _build/btle_advertising.o
 .text.sd_ble_gap_sec_params_reply
                0x0000000000015504        0x8 _build/btle_advertising.o
 .text.sd_ble_gap_auth_key_reply
                0x000000000001550c        0x8 _build/btle_advertising.o
 .text.sd_ble_gap_sec_info_reply
                0x0000000000015514        0x8 _build/btle_advertising.o
 .text.sd_ble_gap_conn_sec_get
                0x000000000001551c        0x8 _build/btle_advertising.o
 .text.sd_ble_gap_rssi_start
                0x0000000000015524        0x8 _build/btle_advertising.o
 .text.sd_ble_gap_rssi_stop
                0x000000000001552c        0x8 _build/btle_advertising.o
 .text.sd_ble_l2cap_cid_register
                0x0000000000015534        0x8 _build/btle_advertising.o
 .text.sd_ble_l2cap_cid_unregister
                0x000000000001553c        0x8 _build/btle_advertising.o
 .text.sd_ble_l2cap_tx
                0x0000000000015544        0x8 _build/btle_advertising.o
 .text.sd_ble_gattc_primary_services_discover
                0x000000000001554c        0x8 _build/btle_advertising.o
 .text.sd_ble_gattc_relationships_discover
                0x0000000000015554        0x8 _build/btle_advertising.o
 .text.sd_ble_gattc_characteristics_discover
                0x000000000001555c        0x8 _build/btle_advertising.o
 .text.sd_ble_gattc_descriptors_discover
                0x0000000000015564        0x8 _build/btle_advertising.o
 .text.sd_ble_gattc_char_value_by_uuid_read
                0x000000000001556c        0x8 _build/btle_advertising.o
 .text.sd_ble_gattc_read
                0x0000000000015574        0x8 _build/btle_advertising.o
 .text.sd_ble_gattc_char_values_read
                0x000000000001557c        0x8 _build/btle_advertising.o
 .text.sd_ble_gattc_write
                0x0000000000015584        0x8 _build/btle_advertising.o
 .text.sd_ble_gattc_hv_confirm
                0x000000000001558c        0x8 _build/btle_advertising.o
 .text.sd_ble_gatts_service_add
                0x0000000000015594        0x8 _build/btle_advertising.o
 .text.sd_ble_gatts_include_add
                0x000000000001559c        0x8 _build/btle_advertising.o
 .text.sd_ble_gatts_characteristic_add
                0x00000000000155a4        0x8 _build/btle_advertising.o
 .text.sd_ble_gatts_descriptor_add
                0x00000000000155ac        0x8 _build/btle_advertising.o
 .text.sd_ble_gatts_value_set
                0x00000000000155b4        0x8 _build/btle_advertising.o
 .text.sd_ble_gatts_value_get
                0x00000000000155bc        0x8 _build/btle_advertising.o
 .text.sd_ble_gatts_hvx
                0x00000000000155c4        0x8 _build/btle_advertising.o
 .text.sd_ble_gatts_service_changed
                0x00000000000155cc        0x8 _build/btle_advertising.o
 .text.sd_ble_gatts_rw_authorize_reply
                0x00000000000155d4        0x8 _build/btle_advertising.o
 .text.sd_ble_gatts_sys_attr_set
                0x00000000000155dc        0x8 _build/btle_advertising.o
 .text.sd_ble_gatts_sys_attr_get
                0x00000000000155e4        0x8 _build/btle_advertising.o
 .text.sd_ble_evt_get
                0x00000000000155ec        0x8 _build/btle_advertising.o
 .text.sd_ble_tx_buffer_count_get
                0x00000000000155f4        0x8 _build/btle_advertising.o
 .text.sd_ble_uuid_vs_add
                0x00000000000155fc        0x8 _build/btle_advertising.o
 .text.sd_ble_uuid_decode
                0x0000000000015604        0x8 _build/btle_advertising.o
 .text.sd_ble_uuid_encode
                0x000000000001560c        0x8 _build/btle_advertising.o
 .text.sd_ble_version_get
                0x0000000000015614        0x8 _build/btle_advertising.o
 .text.sd_ble_user_mem_reply
                0x000000000001561c        0x8 _build/btle_advertising.o
 .text.btle_advertising_init
                0x0000000000015624      0x360 _build/btle_advertising.o
                0x0000000000015624                btle_advertising_init
 .text.btle_advertising_start
                0x0000000000015984       0x68 _build/btle_advertising.o
                0x0000000000015984                btle_advertising_start
 .text          0x00000000000159ec        0x0 _build/printf_retarget.o
 .text.puts     0x00000000000159ec       0x40 _build/printf_retarget.o
                0x00000000000159ec                puts
 .text          0x0000000000015a2c        0x0 _build/stdio.o
 .text.append_char
                0x0000000000015a2c       0x20 _build/stdio.o
                0x0000000000015a2c                append_char
 .text.PutString
                0x0000000000015a4c       0x6c _build/stdio.o
                0x0000000000015a4c                PutString
 .text.PutUnsignedInt
                0x0000000000015ab8       0xa4 _build/stdio.o
                0x0000000000015ab8                PutUnsignedInt
 .text.PutSignedInt
                0x0000000000015b5c      0x10c _build/stdio.o
                0x0000000000015b5c                PutSignedInt
 .text.PutHexa  0x0000000000015c68       0xf0 _build/stdio.o
                0x0000000000015c68                PutHexa
 .text.PutFloat
                0x0000000000015d58      0x110 _build/stdio.o
                0x0000000000015d58                PutFloat
 .text.PutFloatE
                0x0000000000015e68      0x200 _build/stdio.o
                0x0000000000015e68                PutFloatE
 .text.PutFloatEE
                0x0000000000016068      0x1f8 _build/stdio.o
                0x0000000000016068                PutFloatEE
 .text.vsnprintf
                0x0000000000016260      0x2c8 _build/stdio.o
                0x0000000000016260                vsnprintf
 .text.snprintf
                0x0000000000016528       0x34 _build/stdio.o
                0x0000000000016528                snprintf
 .text.vsprintf
                0x000000000001655c       0x24 _build/stdio.o
                0x000000000001655c                vsprintf
 .text.vprintf  0x0000000000016580       0x6c _build/stdio.o
                0x0000000000016580                vprintf
 .text.printf   0x00000000000165ec       0x30 _build/stdio.o
                0x00000000000165ec                printf
 .text.sprintf  0x000000000001661c       0x34 _build/stdio.o
                0x000000000001661c                sprintf
 .text          0x0000000000016650        0x0 _build/board_pca10001.o
 .text.nrf_gpio_cfg_output
                0x0000000000016650       0x20 _build/board_pca10001.o
 .text.boardLED
                0x0000000000016670       0xc8 _build/board_pca10001.o
                0x0000000000016670                boardLED
 .text.button_event_handler
                0x0000000000016738       0x68 _build/board_pca10001.o
 .text.boardButtonCheck
                0x00000000000167a0       0x6c _build/board_pca10001.o
                0x00000000000167a0                boardButtonCheck
 .text.board_uart_event_handler
                0x000000000001680c       0x48 _build/board_pca10001.o
                0x000000000001680c                board_uart_event_handler
 .text.boardInit
                0x0000000000016854      0x344 _build/board_pca10001.o
                0x0000000000016854                boardInit
 .text          0x0000000000016b98        0x0 _build/app_fifo.o
 .text.app_fifo_init
                0x0000000000016b98       0x5c _build/app_fifo.o
                0x0000000000016b98                app_fifo_init
 .text.app_fifo_put
                0x0000000000016bf4       0x50 _build/app_fifo.o
                0x0000000000016bf4                app_fifo_put
 .text.app_fifo_get
                0x0000000000016c44       0x44 _build/app_fifo.o
                0x0000000000016c44                app_fifo_get
 .text.app_fifo_flush
                0x0000000000016c88       0x1c _build/app_fifo.o
                0x0000000000016c88                app_fifo_flush
 .text          0x0000000000016ca4        0x0 _build/app_gpiote.o
 .text.NVIC_EnableIRQ
                0x0000000000016ca4       0x2c _build/app_gpiote.o
 .text.NVIC_ClearPendingIRQ
                0x0000000000016cd0       0x34 _build/app_gpiote.o
 .text.NVIC_SetPriority
                0x0000000000016d04       0xe0 _build/app_gpiote.o
 .text.is_word_aligned
                0x0000000000016de4       0x1c _build/app_gpiote.o
 .text.sense_level_toggle
                0x0000000000016e00       0xac _build/app_gpiote.o
 .text.GPIOTE_IRQHandler
                0x0000000000016eac       0xd8 _build/app_gpiote.o
                0x0000000000016eac                GPIOTE_IRQHandler
 .text.pins_sense_disable
                0x0000000000016f84       0x8c _build/app_gpiote.o
 .text.app_gpiote_init
                0x0000000000017010       0xa4 _build/app_gpiote.o
                0x0000000000017010                app_gpiote_init
 .text.app_gpiote_user_register
                0x00000000000170b4       0xc8 _build/app_gpiote.o
                0x00000000000170b4                app_gpiote_user_register
 .text.app_gpiote_user_enable
                0x000000000001717c      0x158 _build/app_gpiote.o
                0x000000000001717c                app_gpiote_user_enable
 .text.app_gpiote_user_disable
                0x00000000000172d4       0x78 _build/app_gpiote.o
                0x00000000000172d4                app_gpiote_user_disable
 .text.app_gpiote_pins_state_get
                0x000000000001734c       0x64 _build/app_gpiote.o
                0x000000000001734c                app_gpiote_pins_state_get
 .text          0x00000000000173b0        0x0 _build/app_timer.o
 .text.NVIC_EnableIRQ
                0x00000000000173b0       0x2c _build/app_timer.o
 .text.NVIC_DisableIRQ
                0x00000000000173dc       0x30 _build/app_timer.o
 .text.NVIC_SetPendingIRQ
                0x000000000001740c       0x34 _build/app_timer.o
 .text.NVIC_ClearPendingIRQ
                0x0000000000017440       0x34 _build/app_timer.o
 .text.NVIC_SetPriority
                0x0000000000017474       0xe0 _build/app_timer.o
 .text.NVIC_GetPriority
                0x0000000000017554       0x78 _build/app_timer.o
 .text.current_int_priority_get
                0x00000000000175cc       0x3c _build/app_timer.o
 .text.is_word_aligned
                0x0000000000017608       0x1c _build/app_timer.o
 .text.sd_mutex_new
                0x0000000000017624        0x8 _build/app_timer.o
 .text.sd_mutex_acquire
                0x000000000001762c        0x8 _build/app_timer.o
 .text.sd_mutex_release
                0x0000000000017634        0x8 _build/app_timer.o
 .text.sd_nvic_EnableIRQ
                0x000000000001763c        0x8 _build/app_timer.o
 .text.sd_nvic_DisableIRQ
                0x0000000000017644        0x8 _build/app_timer.o
 .text.sd_nvic_GetPendingIRQ
                0x000000000001764c        0x8 _build/app_timer.o
 .text.sd_nvic_SetPendingIRQ
                0x0000000000017654        0x8 _build/app_timer.o
 .text.sd_nvic_ClearPendingIRQ
                0x000000000001765c        0x8 _build/app_timer.o
 .text.sd_nvic_SetPriority
                0x0000000000017664        0x8 _build/app_timer.o
 .text.sd_nvic_GetPriority
                0x000000000001766c        0x8 _build/app_timer.o
 .text.sd_nvic_SystemReset
                0x0000000000017674        0x8 _build/app_timer.o
 .text.sd_nvic_critical_region_enter
                0x000000000001767c        0x8 _build/app_timer.o
 .text.sd_nvic_critical_region_exit
                0x0000000000017684        0x8 _build/app_timer.o
 .text.sd_rand_application_pool_capacity_get
                0x000000000001768c        0x8 _build/app_timer.o
 .text.sd_rand_application_bytes_available_get
                0x0000000000017694        0x8 _build/app_timer.o
 .text.sd_rand_application_vector_get
                0x000000000001769c        0x8 _build/app_timer.o
 .text.sd_power_reset_reason_get
                0x00000000000176a4        0x8 _build/app_timer.o
 .text.sd_power_reset_reason_clr
                0x00000000000176ac        0x8 _build/app_timer.o
 .text.sd_power_mode_set
                0x00000000000176b4        0x8 _build/app_timer.o
 .text.sd_power_system_off
                0x00000000000176bc        0x8 _build/app_timer.o
 .text.sd_power_pof_enable
                0x00000000000176c4        0x8 _build/app_timer.o
 .text.sd_power_pof_threshold_set
                0x00000000000176cc        0x8 _build/app_timer.o
 .text.sd_power_ramon_set
                0x00000000000176d4        0x8 _build/app_timer.o
 .text.sd_power_ramon_clr
                0x00000000000176dc        0x8 _build/app_timer.o
 .text.sd_power_ramon_get
                0x00000000000176e4        0x8 _build/app_timer.o
 .text.sd_power_gpregret_set
                0x00000000000176ec        0x8 _build/app_timer.o
 .text.sd_power_gpregret_clr
                0x00000000000176f4        0x8 _build/app_timer.o
 .text.sd_power_gpregret_get
                0x00000000000176fc        0x8 _build/app_timer.o
 .text.sd_power_dcdc_mode_set
                0x0000000000017704        0x8 _build/app_timer.o
 .text.sd_clock_hfclk_request
                0x000000000001770c        0x8 _build/app_timer.o
 .text.sd_clock_hfclk_release
                0x0000000000017714        0x8 _build/app_timer.o
 .text.sd_clock_hfclk_is_running
                0x000000000001771c        0x8 _build/app_timer.o
 .text.sd_app_evt_wait
                0x0000000000017724        0x8 _build/app_timer.o
 .text.sd_ppi_channel_enable_get
                0x000000000001772c        0x8 _build/app_timer.o
 .text.sd_ppi_channel_enable_set
                0x0000000000017734        0x8 _build/app_timer.o
 .text.sd_ppi_channel_enable_clr
                0x000000000001773c        0x8 _build/app_timer.o
 .text.sd_ppi_channel_assign
                0x0000000000017744        0x8 _build/app_timer.o
 .text.sd_ppi_group_task_enable
                0x000000000001774c        0x8 _build/app_timer.o
 .text.sd_ppi_group_task_disable
                0x0000000000017754        0x8 _build/app_timer.o
 .text.sd_ppi_group_assign
                0x000000000001775c        0x8 _build/app_timer.o
 .text.sd_ppi_group_get
                0x0000000000017764        0x8 _build/app_timer.o
 .text.sd_radio_notification_cfg_set
                0x000000000001776c        0x8 _build/app_timer.o
 .text.sd_ecb_block_encrypt
                0x0000000000017774        0x8 _build/app_timer.o
 .text.sd_evt_get
                0x000000000001777c        0x8 _build/app_timer.o
 .text.sd_temp_get
                0x0000000000017784        0x8 _build/app_timer.o
 .text.sd_flash_write
                0x000000000001778c        0x8 _build/app_timer.o
 .text.sd_flash_page_erase
                0x0000000000017794        0x8 _build/app_timer.o
 .text.sd_flash_protect
                0x000000000001779c        0x8 _build/app_timer.o
 .text.nrf_delay_us
                0x00000000000177a4       0x34 _build/app_timer.o
 .text.rtc1_init
                0x00000000000177d8       0x24 _build/app_timer.o
 .text.rtc1_start
                0x00000000000177fc       0x3c _build/app_timer.o
 .text.rtc1_stop
                0x0000000000017838       0x38 _build/app_timer.o
 .text.rtc1_counter_get
                0x0000000000017870       0x18 _build/app_timer.o
 .text.ticks_diff_get
                0x0000000000017888       0x1c _build/app_timer.o
 .text.rtc1_compare0_set
                0x00000000000178a4       0x1c _build/app_timer.o
 .text.timer_list_insert
                0x00000000000178c0      0x144 _build/app_timer.o
 .text.timer_list_remove
                0x0000000000017a04       0xec _build/app_timer.o
 .text.timer_timeouts_check_sched
                0x0000000000017af0       0x10 _build/app_timer.o
 .text.timer_list_handler_sched
                0x0000000000017b00       0x10 _build/app_timer.o
 .text.timeout_handler_exec
                0x0000000000017b10       0x60 _build/app_timer.o
 .text.timer_timeouts_check
                0x0000000000017b70       0xcc _build/app_timer.o
 .text.elapsed_ticks_acquire
                0x0000000000017c3c       0x7c _build/app_timer.o
 .text.list_deletions_handler
                0x0000000000017cb8      0x124 _build/app_timer.o
 .text.expired_timers_handler
                0x0000000000017ddc       0xb0 _build/app_timer.o
 .text.list_insertions_handler
                0x0000000000017e8c      0x1ac _build/app_timer.o
 .text.compare_reg_update
                0x0000000000018038       0xb8 _build/app_timer.o
 .text.timer_list_handler
                0x00000000000180f0       0x8c _build/app_timer.o
 .text.user_op_enque
                0x000000000001817c       0x18 _build/app_timer.o
 .text.user_op_alloc
                0x0000000000018194       0x58 _build/app_timer.o
 .text.timer_start_op_schedule
                0x00000000000181ec       0x80 _build/app_timer.o
 .text.timer_stop_op_schedule
                0x000000000001826c       0x60 _build/app_timer.o
 .text.timer_stop_all_op_schedule
                0x00000000000182cc       0x60 _build/app_timer.o
 .text.RTC1_IRQHandler
                0x000000000001832c       0x4c _build/app_timer.o
                0x000000000001832c                RTC1_IRQHandler
 .text.SWI0_IRQHandler
                0x0000000000018378        0xc _build/app_timer.o
                0x0000000000018378                SWI0_IRQHandler
 .text.app_timer_init
                0x0000000000018384      0x170 _build/app_timer.o
                0x0000000000018384                app_timer_init
 .text.app_timer_create
                0x00000000000184f4       0xbc _build/app_timer.o
                0x00000000000184f4                app_timer_create
 .text.user_id_get
                0x00000000000185b0       0x34 _build/app_timer.o
 .text.app_timer_start
                0x00000000000185e4       0x8c _build/app_timer.o
                0x00000000000185e4                app_timer_start
 .text.app_timer_stop
                0x0000000000018670       0x60 _build/app_timer.o
                0x0000000000018670                app_timer_stop
 .text.app_timer_stop_all
                0x00000000000186d0       0x28 _build/app_timer.o
                0x00000000000186d0                app_timer_stop_all
 .text.app_timer_cnt_get
                0x00000000000186f8       0x1c _build/app_timer.o
                0x00000000000186f8                app_timer_cnt_get
 .text.app_timer_cnt_diff_compute
                0x0000000000018714       0x28 _build/app_timer.o
                0x0000000000018714                app_timer_cnt_diff_compute
 .text          0x000000000001873c        0x0 _build/app_button.o
 .text.nrf_gpio_cfg_input
                0x000000000001873c       0x2c _build/app_button.o
 .text.button_handler_execute
                0x0000000000018768       0x5c _build/app_button.o
 .text.detection_delay_timeout_handler
                0x00000000000187c4       0xc4 _build/app_button.o
 .text.gpiote_event_handler
                0x0000000000018888       0x4c _build/app_button.o
 .text.app_button_init
                0x00000000000188d4      0x114 _build/app_button.o
                0x00000000000188d4                app_button_init
 .text.app_button_enable
                0x00000000000189e8       0x2c _build/app_button.o
                0x00000000000189e8                app_button_enable
 .text.app_button_disable
                0x0000000000018a14       0x4c _build/app_button.o
                0x0000000000018a14                app_button_disable
 .text.app_button_is_pushed
                0x0000000000018a60       0x94 _build/app_button.o
                0x0000000000018a60                app_button_is_pushed
 .text          0x0000000000018af4        0x0 _build/app_uart_fifo.o
 .text.NVIC_EnableIRQ
                0x0000000000018af4       0x2c _build/app_uart_fifo.o
 .text.NVIC_ClearPendingIRQ
                0x0000000000018b20       0x34 _build/app_uart_fifo.o
 .text.NVIC_SetPriority
                0x0000000000018b54       0xe0 _build/app_uart_fifo.o
 .text.nrf_gpio_cfg_output
                0x0000000000018c34       0x20 _build/app_uart_fifo.o
 .text.nrf_gpio_cfg_input
                0x0000000000018c54       0x2c _build/app_uart_fifo.o
 .text.nrf_gpio_cfg_sense_input
                0x0000000000018c80       0x34 _build/app_uart_fifo.o
 .text.action_uart_deactivate
                0x0000000000018cb4       0x2c _build/app_uart_fifo.o
 .text.action_tx_stop
                0x0000000000018ce0       0x34 _build/app_uart_fifo.o
                0x0000000000018ce0                action_tx_stop
 .text.action_tx_send
                0x0000000000018d14       0x6c _build/app_uart_fifo.o
 .text.action_tx_ready
                0x0000000000018d80       0x24 _build/app_uart_fifo.o
 .text.on_cts_high
                0x0000000000018da4       0x2c _build/app_uart_fifo.o
 .text.on_cts_low
                0x0000000000018dd0       0x58 _build/app_uart_fifo.o
 .text.on_tx_ready
                0x0000000000018e28       0x30 _build/app_uart_fifo.o
 .text.on_uart_put
                0x0000000000018e58       0x1c _build/app_uart_fifo.o
 .text.on_uart_close
                0x0000000000018e74        0xc _build/app_uart_fifo.o
 .text.on_uart_event
                0x0000000000018e80       0x48 _build/app_uart_fifo.o
 .text.gpiote_uart_event_handler
                0x0000000000018ec8       0x74 _build/app_uart_fifo.o
 .text.UART0_IRQHandler
                0x0000000000018f3c       0xe8 _build/app_uart_fifo.o
                0x0000000000018f3c                UART0_IRQHandler
 .text.uart_no_flow_control_init
                0x0000000000019024       0x68 _build/app_uart_fifo.o
 .text.uart_standard_flow_control_init
                0x000000000001908c       0x6c _build/app_uart_fifo.o
 .text.app_uart_init
                0x00000000000190f8      0x2cc _build/app_uart_fifo.o
                0x00000000000190f8                app_uart_init
 .text.app_uart_get
                0x00000000000193c4       0x24 _build/app_uart_fifo.o
                0x00000000000193c4                app_uart_get
 .text.app_uart_put
                0x00000000000193e8       0x34 _build/app_uart_fifo.o
                0x00000000000193e8                app_uart_put
 .text.app_uart_flush
                0x000000000001941c       0x44 _build/app_uart_fifo.o
                0x000000000001941c                app_uart_flush
 .text.app_uart_get_connection_state
                0x0000000000019460       0x28 _build/app_uart_fifo.o
                0x0000000000019460                app_uart_get_connection_state
 .text.app_uart_close
                0x0000000000019488       0x5c _build/app_uart_fifo.o
                0x0000000000019488                app_uart_close
 .text          0x00000000000194e4        0x0 _build/softdevice_handler.o
 .text.sd_mutex_new
                0x00000000000194e4        0x8 _build/softdevice_handler.o
 .text.sd_mutex_acquire
                0x00000000000194ec        0x8 _build/softdevice_handler.o
 .text.sd_mutex_release
                0x00000000000194f4        0x8 _build/softdevice_handler.o
 .text.sd_nvic_EnableIRQ
                0x00000000000194fc        0x8 _build/softdevice_handler.o
 .text.sd_nvic_DisableIRQ
                0x0000000000019504        0x8 _build/softdevice_handler.o
 .text.sd_nvic_GetPendingIRQ
                0x000000000001950c        0x8 _build/softdevice_handler.o
 .text.sd_nvic_SetPendingIRQ
                0x0000000000019514        0x8 _build/softdevice_handler.o
 .text.sd_nvic_ClearPendingIRQ
                0x000000000001951c        0x8 _build/softdevice_handler.o
 .text.sd_nvic_SetPriority
                0x0000000000019524        0x8 _build/softdevice_handler.o
 .text.sd_nvic_GetPriority
                0x000000000001952c        0x8 _build/softdevice_handler.o
 .text.sd_nvic_SystemReset
                0x0000000000019534        0x8 _build/softdevice_handler.o
 .text.sd_nvic_critical_region_enter
                0x000000000001953c        0x8 _build/softdevice_handler.o
 .text.sd_nvic_critical_region_exit
                0x0000000000019544        0x8 _build/softdevice_handler.o
 .text.sd_rand_application_pool_capacity_get
                0x000000000001954c        0x8 _build/softdevice_handler.o
 .text.sd_rand_application_bytes_available_get
                0x0000000000019554        0x8 _build/softdevice_handler.o
 .text.sd_rand_application_vector_get
                0x000000000001955c        0x8 _build/softdevice_handler.o
 .text.sd_power_reset_reason_get
                0x0000000000019564        0x8 _build/softdevice_handler.o
 .text.sd_power_reset_reason_clr
                0x000000000001956c        0x8 _build/softdevice_handler.o
 .text.sd_power_mode_set
                0x0000000000019574        0x8 _build/softdevice_handler.o
 .text.sd_power_system_off
                0x000000000001957c        0x8 _build/softdevice_handler.o
 .text.sd_power_pof_enable
                0x0000000000019584        0x8 _build/softdevice_handler.o
 .text.sd_power_pof_threshold_set
                0x000000000001958c        0x8 _build/softdevice_handler.o
 .text.sd_power_ramon_set
                0x0000000000019594        0x8 _build/softdevice_handler.o
 .text.sd_power_ramon_clr
                0x000000000001959c        0x8 _build/softdevice_handler.o
 .text.sd_power_ramon_get
                0x00000000000195a4        0x8 _build/softdevice_handler.o
 .text.sd_power_gpregret_set
                0x00000000000195ac        0x8 _build/softdevice_handler.o
 .text.sd_power_gpregret_clr
                0x00000000000195b4        0x8 _build/softdevice_handler.o
 .text.sd_power_gpregret_get
                0x00000000000195bc        0x8 _build/softdevice_handler.o
 .text.sd_power_dcdc_mode_set
                0x00000000000195c4        0x8 _build/softdevice_handler.o
 .text.sd_clock_hfclk_request
                0x00000000000195cc        0x8 _build/softdevice_handler.o
 .text.sd_clock_hfclk_release
                0x00000000000195d4        0x8 _build/softdevice_handler.o
 .text.sd_clock_hfclk_is_running
                0x00000000000195dc        0x8 _build/softdevice_handler.o
 .text.sd_app_evt_wait
                0x00000000000195e4        0x8 _build/softdevice_handler.o
 .text.sd_ppi_channel_enable_get
                0x00000000000195ec        0x8 _build/softdevice_handler.o
 .text.sd_ppi_channel_enable_set
                0x00000000000195f4        0x8 _build/softdevice_handler.o
 .text.sd_ppi_channel_enable_clr
                0x00000000000195fc        0x8 _build/softdevice_handler.o
 .text.sd_ppi_channel_assign
                0x0000000000019604        0x8 _build/softdevice_handler.o
 .text.sd_ppi_group_task_enable
                0x000000000001960c        0x8 _build/softdevice_handler.o
 .text.sd_ppi_group_task_disable
                0x0000000000019614        0x8 _build/softdevice_handler.o
 .text.sd_ppi_group_assign
                0x000000000001961c        0x8 _build/softdevice_handler.o
 .text.sd_ppi_group_get
                0x0000000000019624        0x8 _build/softdevice_handler.o
 .text.sd_radio_notification_cfg_set
                0x000000000001962c        0x8 _build/softdevice_handler.o
 .text.sd_ecb_block_encrypt
                0x0000000000019634        0x8 _build/softdevice_handler.o
 .text.sd_evt_get
                0x000000000001963c        0x8 _build/softdevice_handler.o
 .text.sd_temp_get
                0x0000000000019644        0x8 _build/softdevice_handler.o
 .text.sd_flash_write
                0x000000000001964c        0x8 _build/softdevice_handler.o
 .text.sd_flash_page_erase
                0x0000000000019654        0x8 _build/softdevice_handler.o
 .text.sd_flash_protect
                0x000000000001965c        0x8 _build/softdevice_handler.o
 .text.sd_softdevice_enable
                0x0000000000019664        0x8 _build/softdevice_handler.o
 .text.sd_softdevice_disable
                0x000000000001966c        0x8 _build/softdevice_handler.o
 .text.sd_softdevice_is_enabled
                0x0000000000019674        0x8 _build/softdevice_handler.o
 .text.sd_softdevice_forward_to_application
                0x000000000001967c        0x8 _build/softdevice_handler.o
 .text.is_word_aligned
                0x0000000000019684       0x1c _build/softdevice_handler.o
 .text.sd_ble_gap_address_set
                0x00000000000196a0        0x8 _build/softdevice_handler.o
 .text.sd_ble_gap_address_get
                0x00000000000196a8        0x8 _build/softdevice_handler.o
 .text.sd_ble_gap_adv_data_set
                0x00000000000196b0        0x8 _build/softdevice_handler.o
 .text.sd_ble_gap_adv_start
                0x00000000000196b8        0x8 _build/softdevice_handler.o
 .text.sd_ble_gap_adv_stop
                0x00000000000196c0        0x8 _build/softdevice_handler.o
 .text.sd_ble_gap_conn_param_update
                0x00000000000196c8        0x8 _build/softdevice_handler.o
 .text.sd_ble_gap_disconnect
                0x00000000000196d0        0x8 _build/softdevice_handler.o
 .text.sd_ble_gap_tx_power_set
                0x00000000000196d8        0x8 _build/softdevice_handler.o
 .text.sd_ble_gap_appearance_set
                0x00000000000196e0        0x8 _build/softdevice_handler.o
 .text.sd_ble_gap_appearance_get
                0x00000000000196e8        0x8 _build/softdevice_handler.o
 .text.sd_ble_gap_ppcp_set
                0x00000000000196f0        0x8 _build/softdevice_handler.o
 .text.sd_ble_gap_ppcp_get
                0x00000000000196f8        0x8 _build/softdevice_handler.o
 .text.sd_ble_gap_device_name_set
                0x0000000000019700        0x8 _build/softdevice_handler.o
 .text.sd_ble_gap_device_name_get
                0x0000000000019708        0x8 _build/softdevice_handler.o
 .text.sd_ble_gap_authenticate
                0x0000000000019710        0x8 _build/softdevice_handler.o
 .text.sd_ble_gap_sec_params_reply
                0x0000000000019718        0x8 _build/softdevice_handler.o
 .text.sd_ble_gap_auth_key_reply
                0x0000000000019720        0x8 _build/softdevice_handler.o
 .text.sd_ble_gap_sec_info_reply
                0x0000000000019728        0x8 _build/softdevice_handler.o
 .text.sd_ble_gap_conn_sec_get
                0x0000000000019730        0x8 _build/softdevice_handler.o
 .text.sd_ble_gap_rssi_start
                0x0000000000019738        0x8 _build/softdevice_handler.o
 .text.sd_ble_gap_rssi_stop
                0x0000000000019740        0x8 _build/softdevice_handler.o
 .text.sd_ble_l2cap_cid_register
                0x0000000000019748        0x8 _build/softdevice_handler.o
 .text.sd_ble_l2cap_cid_unregister
                0x0000000000019750        0x8 _build/softdevice_handler.o
 .text.sd_ble_l2cap_tx
                0x0000000000019758        0x8 _build/softdevice_handler.o
 .text.sd_ble_gattc_primary_services_discover
                0x0000000000019760        0x8 _build/softdevice_handler.o
 .text.sd_ble_gattc_relationships_discover
                0x0000000000019768        0x8 _build/softdevice_handler.o
 .text.sd_ble_gattc_characteristics_discover
                0x0000000000019770        0x8 _build/softdevice_handler.o
 .text.sd_ble_gattc_descriptors_discover
                0x0000000000019778        0x8 _build/softdevice_handler.o
 .text.sd_ble_gattc_char_value_by_uuid_read
                0x0000000000019780        0x8 _build/softdevice_handler.o
 .text.sd_ble_gattc_read
                0x0000000000019788        0x8 _build/softdevice_handler.o
 .text.sd_ble_gattc_char_values_read
                0x0000000000019790        0x8 _build/softdevice_handler.o
 .text.sd_ble_gattc_write
                0x0000000000019798        0x8 _build/softdevice_handler.o
 .text.sd_ble_gattc_hv_confirm
                0x00000000000197a0        0x8 _build/softdevice_handler.o
 .text.sd_ble_gatts_service_add
                0x00000000000197a8        0x8 _build/softdevice_handler.o
 .text.sd_ble_gatts_include_add
                0x00000000000197b0        0x8 _build/softdevice_handler.o
 .text.sd_ble_gatts_characteristic_add
                0x00000000000197b8        0x8 _build/softdevice_handler.o
 .text.sd_ble_gatts_descriptor_add
                0x00000000000197c0        0x8 _build/softdevice_handler.o
 .text.sd_ble_gatts_value_set
                0x00000000000197c8        0x8 _build/softdevice_handler.o
 .text.sd_ble_gatts_value_get
                0x00000000000197d0        0x8 _build/softdevice_handler.o
 .text.sd_ble_gatts_hvx
                0x00000000000197d8        0x8 _build/softdevice_handler.o
 .text.sd_ble_gatts_service_changed
                0x00000000000197e0        0x8 _build/softdevice_handler.o
 .text.sd_ble_gatts_rw_authorize_reply
                0x00000000000197e8        0x8 _build/softdevice_handler.o
 .text.sd_ble_gatts_sys_attr_set
                0x00000000000197f0        0x8 _build/softdevice_handler.o
 .text.sd_ble_gatts_sys_attr_get
                0x00000000000197f8        0x8 _build/softdevice_handler.o
 .text.sd_ble_evt_get
                0x0000000000019800        0x8 _build/softdevice_handler.o
 .text.sd_ble_tx_buffer_count_get
                0x0000000000019808        0x8 _build/softdevice_handler.o
 .text.sd_ble_uuid_vs_add
                0x0000000000019810        0x8 _build/softdevice_handler.o
 .text.sd_ble_uuid_decode
                0x0000000000019818        0x8 _build/softdevice_handler.o
 .text.sd_ble_uuid_encode
                0x0000000000019820        0x8 _build/softdevice_handler.o
 .text.sd_ble_version_get
                0x0000000000019828        0x8 _build/softdevice_handler.o
 .text.sd_ble_user_mem_reply
                0x0000000000019830        0x8 _build/softdevice_handler.o
 .text.softdevice_assertion_handler
                0x0000000000019838       0x28 _build/softdevice_handler.o
                0x0000000000019838                softdevice_assertion_handler
 .text.intern_softdevice_events_execute
                0x0000000000019860      0x114 _build/softdevice_handler.o
                0x0000000000019860                intern_softdevice_events_execute
 .text.softdevice_handler_init
                0x0000000000019974       0x8c _build/softdevice_handler.o
                0x0000000000019974                softdevice_handler_init
 .text.softdevice_handler_sd_disable
                0x0000000000019a00       0x28 _build/softdevice_handler.o
                0x0000000000019a00                softdevice_handler_sd_disable
 .text.softdevice_ble_evt_handler_set
                0x0000000000019a28       0x28 _build/softdevice_handler.o
                0x0000000000019a28                softdevice_ble_evt_handler_set
 .text.softdevice_sys_evt_handler_set
                0x0000000000019a50       0x28 _build/softdevice_handler.o
                0x0000000000019a50                softdevice_sys_evt_handler_set
 .text.SWI2_IRQHandler
                0x0000000000019a78       0x4c _build/softdevice_handler.o
                0x0000000000019a78                SWI2_IRQHandler
 .text          0x0000000000019ac4        0x0 _build/ble_advdata.o
 .text.sd_ble_gap_address_set
                0x0000000000019ac4        0x8 _build/ble_advdata.o
 .text.sd_ble_gap_address_get
                0x0000000000019acc        0x8 _build/ble_advdata.o
 .text.sd_ble_gap_adv_data_set
                0x0000000000019ad4        0x8 _build/ble_advdata.o
 .text.sd_ble_gap_adv_start
                0x0000000000019adc        0x8 _build/ble_advdata.o
 .text.sd_ble_gap_adv_stop
                0x0000000000019ae4        0x8 _build/ble_advdata.o
 .text.sd_ble_gap_conn_param_update
                0x0000000000019aec        0x8 _build/ble_advdata.o
 .text.sd_ble_gap_disconnect
                0x0000000000019af4        0x8 _build/ble_advdata.o
 .text.sd_ble_gap_tx_power_set
                0x0000000000019afc        0x8 _build/ble_advdata.o
 .text.sd_ble_gap_appearance_set
                0x0000000000019b04        0x8 _build/ble_advdata.o
 .text.sd_ble_gap_appearance_get
                0x0000000000019b0c        0x8 _build/ble_advdata.o
 .text.sd_ble_gap_ppcp_set
                0x0000000000019b14        0x8 _build/ble_advdata.o
 .text.sd_ble_gap_ppcp_get
                0x0000000000019b1c        0x8 _build/ble_advdata.o
 .text.sd_ble_gap_device_name_set
                0x0000000000019b24        0x8 _build/ble_advdata.o
 .text.sd_ble_gap_device_name_get
                0x0000000000019b2c        0x8 _build/ble_advdata.o
 .text.sd_ble_gap_authenticate
                0x0000000000019b34        0x8 _build/ble_advdata.o
 .text.sd_ble_gap_sec_params_reply
                0x0000000000019b3c        0x8 _build/ble_advdata.o
 .text.sd_ble_gap_auth_key_reply
                0x0000000000019b44        0x8 _build/ble_advdata.o
 .text.sd_ble_gap_sec_info_reply
                0x0000000000019b4c        0x8 _build/ble_advdata.o
 .text.sd_ble_gap_conn_sec_get
                0x0000000000019b54        0x8 _build/ble_advdata.o
 .text.sd_ble_gap_rssi_start
                0x0000000000019b5c        0x8 _build/ble_advdata.o
 .text.sd_ble_gap_rssi_stop
                0x0000000000019b64        0x8 _build/ble_advdata.o
 .text.sd_ble_l2cap_cid_register
                0x0000000000019b6c        0x8 _build/ble_advdata.o
 .text.sd_ble_l2cap_cid_unregister
                0x0000000000019b74        0x8 _build/ble_advdata.o
 .text.sd_ble_l2cap_tx
                0x0000000000019b7c        0x8 _build/ble_advdata.o
 .text.sd_ble_gattc_primary_services_discover
                0x0000000000019b84        0x8 _build/ble_advdata.o
 .text.sd_ble_gattc_relationships_discover
                0x0000000000019b8c        0x8 _build/ble_advdata.o
 .text.sd_ble_gattc_characteristics_discover
                0x0000000000019b94        0x8 _build/ble_advdata.o
 .text.sd_ble_gattc_descriptors_discover
                0x0000000000019b9c        0x8 _build/ble_advdata.o
 .text.sd_ble_gattc_char_value_by_uuid_read
                0x0000000000019ba4        0x8 _build/ble_advdata.o
 .text.sd_ble_gattc_read
                0x0000000000019bac        0x8 _build/ble_advdata.o
 .text.sd_ble_gattc_char_values_read
                0x0000000000019bb4        0x8 _build/ble_advdata.o
 .text.sd_ble_gattc_write
                0x0000000000019bbc        0x8 _build/ble_advdata.o
 .text.sd_ble_gattc_hv_confirm
                0x0000000000019bc4        0x8 _build/ble_advdata.o
 .text.sd_ble_gatts_service_add
                0x0000000000019bcc        0x8 _build/ble_advdata.o
 .text.sd_ble_gatts_include_add
                0x0000000000019bd4        0x8 _build/ble_advdata.o
 .text.sd_ble_gatts_characteristic_add
                0x0000000000019bdc        0x8 _build/ble_advdata.o
 .text.sd_ble_gatts_descriptor_add
                0x0000000000019be4        0x8 _build/ble_advdata.o
 .text.sd_ble_gatts_value_set
                0x0000000000019bec        0x8 _build/ble_advdata.o
 .text.sd_ble_gatts_value_get
                0x0000000000019bf4        0x8 _build/ble_advdata.o
 .text.sd_ble_gatts_hvx
                0x0000000000019bfc        0x8 _build/ble_advdata.o
 .text.sd_ble_gatts_service_changed
                0x0000000000019c04        0x8 _build/ble_advdata.o
 .text.sd_ble_gatts_rw_authorize_reply
                0x0000000000019c0c        0x8 _build/ble_advdata.o
 .text.sd_ble_gatts_sys_attr_set
                0x0000000000019c14        0x8 _build/ble_advdata.o
 .text.sd_ble_gatts_sys_attr_get
                0x0000000000019c1c        0x8 _build/ble_advdata.o
 .text.sd_ble_evt_get
                0x0000000000019c24        0x8 _build/ble_advdata.o
 .text.sd_ble_tx_buffer_count_get
                0x0000000000019c2c        0x8 _build/ble_advdata.o
 .text.sd_ble_uuid_vs_add
                0x0000000000019c34        0x8 _build/ble_advdata.o
 .text.sd_ble_uuid_decode
                0x0000000000019c3c        0x8 _build/ble_advdata.o
 .text.sd_ble_uuid_encode
                0x0000000000019c44        0x8 _build/ble_advdata.o
 .text.sd_ble_version_get
                0x0000000000019c4c        0x8 _build/ble_advdata.o
 .text.sd_ble_user_mem_reply
                0x0000000000019c54        0x8 _build/ble_advdata.o
 .text.uint16_encode
                0x0000000000019c5c       0x34 _build/ble_advdata.o
 .text.name_encode
                0x0000000000019c90      0x134 _build/ble_advdata.o
 .text.appearance_encode
                0x0000000000019dc4       0x88 _build/ble_advdata.o
 .text.uint8_array_encode
                0x0000000000019e4c       0xa0 _build/ble_advdata.o
 .text.tx_power_level_encode
                0x0000000000019eec       0x6c _build/ble_advdata.o
 .text.uuid_list_sized_encode
                0x0000000000019f58      0x16c _build/ble_advdata.o
 .text.uuid_list_encode
                0x000000000001a0c4       0x6c _build/ble_advdata.o
 .text.conn_int_check
                0x000000000001a130       0x80 _build/ble_advdata.o
 .text.conn_int_encode
                0x000000000001a1b0       0xa8 _build/ble_advdata.o
 .text.manuf_specific_data_encode
                0x000000000001a258       0xcc _build/ble_advdata.o
 .text.service_data_encode
                0x000000000001a324      0x100 _build/ble_advdata.o
 .text.adv_data_encode
                0x000000000001a424      0x1b8 _build/ble_advdata.o
 .text.advdata_check
                0x000000000001a5dc       0x34 _build/ble_advdata.o
 .text.srdata_check
                0x000000000001a610       0x20 _build/ble_advdata.o
 .text.ble_advdata_set
                0x000000000001a630       0xcc _build/ble_advdata.o
                0x000000000001a630                ble_advdata_set
 .text          0x000000000001a6fc        0x0 _build/ble_bondmngr.o
 .text.sd_ble_gap_address_set
                0x000000000001a6fc        0x8 _build/ble_bondmngr.o
 .text.sd_ble_gap_address_get
                0x000000000001a704        0x8 _build/ble_bondmngr.o
 .text.sd_ble_gap_adv_data_set
                0x000000000001a70c        0x8 _build/ble_bondmngr.o
 .text.sd_ble_gap_adv_start
                0x000000000001a714        0x8 _build/ble_bondmngr.o
 .text.sd_ble_gap_adv_stop
                0x000000000001a71c        0x8 _build/ble_bondmngr.o
 .text.sd_ble_gap_conn_param_update
                0x000000000001a724        0x8 _build/ble_bondmngr.o
 .text.sd_ble_gap_disconnect
                0x000000000001a72c        0x8 _build/ble_bondmngr.o
 .text.sd_ble_gap_tx_power_set
                0x000000000001a734        0x8 _build/ble_bondmngr.o
 .text.sd_ble_gap_appearance_set
                0x000000000001a73c        0x8 _build/ble_bondmngr.o
 .text.sd_ble_gap_appearance_get
                0x000000000001a744        0x8 _build/ble_bondmngr.o
 .text.sd_ble_gap_ppcp_set
                0x000000000001a74c        0x8 _build/ble_bondmngr.o
 .text.sd_ble_gap_ppcp_get
                0x000000000001a754        0x8 _build/ble_bondmngr.o
 .text.sd_ble_gap_device_name_set
                0x000000000001a75c        0x8 _build/ble_bondmngr.o
 .text.sd_ble_gap_device_name_get
                0x000000000001a764        0x8 _build/ble_bondmngr.o
 .text.sd_ble_gap_authenticate
                0x000000000001a76c        0x8 _build/ble_bondmngr.o
 .text.sd_ble_gap_sec_params_reply
                0x000000000001a774        0x8 _build/ble_bondmngr.o
 .text.sd_ble_gap_auth_key_reply
                0x000000000001a77c        0x8 _build/ble_bondmngr.o
 .text.sd_ble_gap_sec_info_reply
                0x000000000001a784        0x8 _build/ble_bondmngr.o
 .text.sd_ble_gap_conn_sec_get
                0x000000000001a78c        0x8 _build/ble_bondmngr.o
 .text.sd_ble_gap_rssi_start
                0x000000000001a794        0x8 _build/ble_bondmngr.o
 .text.sd_ble_gap_rssi_stop
                0x000000000001a79c        0x8 _build/ble_bondmngr.o
 .text.sd_ble_l2cap_cid_register
                0x000000000001a7a4        0x8 _build/ble_bondmngr.o
 .text.sd_ble_l2cap_cid_unregister
                0x000000000001a7ac        0x8 _build/ble_bondmngr.o
 .text.sd_ble_l2cap_tx
                0x000000000001a7b4        0x8 _build/ble_bondmngr.o
 .text.sd_ble_gattc_primary_services_discover
                0x000000000001a7bc        0x8 _build/ble_bondmngr.o
 .text.sd_ble_gattc_relationships_discover
                0x000000000001a7c4        0x8 _build/ble_bondmngr.o
 .text.sd_ble_gattc_characteristics_discover
                0x000000000001a7cc        0x8 _build/ble_bondmngr.o
 .text.sd_ble_gattc_descriptors_discover
                0x000000000001a7d4        0x8 _build/ble_bondmngr.o
 .text.sd_ble_gattc_char_value_by_uuid_read
                0x000000000001a7dc        0x8 _build/ble_bondmngr.o
 .text.sd_ble_gattc_read
                0x000000000001a7e4        0x8 _build/ble_bondmngr.o
 .text.sd_ble_gattc_char_values_read
                0x000000000001a7ec        0x8 _build/ble_bondmngr.o
 .text.sd_ble_gattc_write
                0x000000000001a7f4        0x8 _build/ble_bondmngr.o
 .text.sd_ble_gattc_hv_confirm
                0x000000000001a7fc        0x8 _build/ble_bondmngr.o
 .text.sd_ble_gatts_service_add
                0x000000000001a804        0x8 _build/ble_bondmngr.o
 .text.sd_ble_gatts_include_add
                0x000000000001a80c        0x8 _build/ble_bondmngr.o
 .text.sd_ble_gatts_characteristic_add
                0x000000000001a814        0x8 _build/ble_bondmngr.o
 .text.sd_ble_gatts_descriptor_add
                0x000000000001a81c        0x8 _build/ble_bondmngr.o
 .text.sd_ble_gatts_value_set
                0x000000000001a824        0x8 _build/ble_bondmngr.o
 .text.sd_ble_gatts_value_get
                0x000000000001a82c        0x8 _build/ble_bondmngr.o
 .text.sd_ble_gatts_hvx
                0x000000000001a834        0x8 _build/ble_bondmngr.o
 .text.sd_ble_gatts_service_changed
                0x000000000001a83c        0x8 _build/ble_bondmngr.o
 .text.sd_ble_gatts_rw_authorize_reply
                0x000000000001a844        0x8 _build/ble_bondmngr.o
 .text.sd_ble_gatts_sys_attr_set
                0x000000000001a84c        0x8 _build/ble_bondmngr.o
 .text.sd_ble_gatts_sys_attr_get
                0x000000000001a854        0x8 _build/ble_bondmngr.o
 .text.sd_ble_evt_get
                0x000000000001a85c        0x8 _build/ble_bondmngr.o
 .text.sd_ble_tx_buffer_count_get
                0x000000000001a864        0x8 _build/ble_bondmngr.o
 .text.sd_ble_uuid_vs_add
                0x000000000001a86c        0x8 _build/ble_bondmngr.o
 .text.sd_ble_uuid_decode
                0x000000000001a874        0x8 _build/ble_bondmngr.o
 .text.sd_ble_uuid_encode
                0x000000000001a87c        0x8 _build/ble_bondmngr.o
 .text.sd_ble_version_get
                0x000000000001a884        0x8 _build/ble_bondmngr.o
 .text.sd_ble_user_mem_reply
                0x000000000001a88c        0x8 _build/ble_bondmngr.o
 .text.crc_extract
                0x000000000001a894       0x3c _build/ble_bondmngr.o
 .text.bond_info_store
                0x000000000001a8d0       0xf0 _build/ble_bondmngr.o
 .text.sys_attr_store
                0x000000000001a9c0       0xf0 _build/ble_bondmngr.o
 .text.bonding_info_load_from_flash
                0x000000000001aab0       0xf0 _build/ble_bondmngr.o
 .text.sys_attr_load_from_flash
                0x000000000001aba0       0xf0 _build/ble_bondmngr.o
 .text.flash_pages_erase
                0x000000000001ac90       0x3c _build/ble_bondmngr.o
 .text.bond_info_changed
                0x000000000001accc       0x74 _build/ble_bondmngr.o
 .text.sys_attr_changed
                0x000000000001ad40       0x78 _build/ble_bondmngr.o
 .text.central_sys_attr_set
                0x000000000001adb8       0x54 _build/ble_bondmngr.o
 .text.update_whitelist
                0x000000000001ae0c       0xcc _build/ble_bondmngr.o
 .text.on_auth_status_from_new_central
                0x000000000001aed8      0x130 _build/ble_bondmngr.o
 .text.central_update
                0x000000000001b008       0x94 _build/ble_bondmngr.o
 .text.central_find_in_db
                0x000000000001b09c       0x70 _build/ble_bondmngr.o
 .text.load_all_from_flash
                0x000000000001b10c      0x164 _build/ble_bondmngr.o
 .text.on_connect
                0x000000000001b270      0x174 _build/ble_bondmngr.o
 .text.on_sys_attr_missing
                0x000000000001b3e4       0x80 _build/ble_bondmngr.o
 .text.auth_status_update
                0x000000000001b464       0xf0 _build/ble_bondmngr.o
 .text.on_auth_status
                0x000000000001b554       0x88 _build/ble_bondmngr.o
 .text.on_sec_info_request
                0x000000000001b5dc       0xc4 _build/ble_bondmngr.o
 .text.on_sec_update
                0x000000000001b6a0       0xcc _build/ble_bondmngr.o
 .text.on_sec_param_request
                0x000000000001b76c       0x50 _build/ble_bondmngr.o
 .text.ble_bondmngr_on_ble_evt
                0x000000000001b7bc       0x94 _build/ble_bondmngr.o
                0x000000000001b7bc                ble_bondmngr_on_ble_evt
 .text.ble_bondmngr_bonded_centrals_store
                0x000000000001b850      0x190 _build/ble_bondmngr.o
                0x000000000001b850                ble_bondmngr_bonded_centrals_store
 .text.ble_bondmngr_sys_attr_store
                0x000000000001b9e0       0x94 _build/ble_bondmngr.o
                0x000000000001b9e0                ble_bondmngr_sys_attr_store
 .text.ble_bondmngr_bonded_centrals_delete
                0x000000000001ba74       0x44 _build/ble_bondmngr.o
                0x000000000001ba74                ble_bondmngr_bonded_centrals_delete
 .text.ble_bondmngr_central_addr_get
                0x000000000001bab8       0x80 _build/ble_bondmngr.o
                0x000000000001bab8                ble_bondmngr_central_addr_get
 .text.ble_bondmngr_whitelist_get
                0x000000000001bb38       0xb8 _build/ble_bondmngr.o
                0x000000000001bb38                ble_bondmngr_whitelist_get
 .text.bm_pstorage_cb_handler
                0x000000000001bbf0       0x30 _build/ble_bondmngr.o
 .text.ble_bondmngr_init
                0x000000000001bc20      0x160 _build/ble_bondmngr.o
                0x000000000001bc20                ble_bondmngr_init
 .text.ble_bondmngr_central_ids_get
                0x000000000001bd80       0x94 _build/ble_bondmngr.o
                0x000000000001bd80                ble_bondmngr_central_ids_get
 .text.ble_bondmngr_bonded_central_delete
                0x000000000001be14      0x224 _build/ble_bondmngr.o
                0x000000000001be14                ble_bondmngr_bonded_central_delete
 .text.ble_bondmngr_is_link_encrypted
                0x000000000001c038       0x40 _build/ble_bondmngr.o
                0x000000000001c038                ble_bondmngr_is_link_encrypted
 .text          0x000000000001c078        0x0 _build/ble_conn_params.o
 .text.sd_ble_gap_address_set
                0x000000000001c078        0x8 _build/ble_conn_params.o
 .text.sd_ble_gap_address_get
                0x000000000001c080        0x8 _build/ble_conn_params.o
 .text.sd_ble_gap_adv_data_set
                0x000000000001c088        0x8 _build/ble_conn_params.o
 .text.sd_ble_gap_adv_start
                0x000000000001c090        0x8 _build/ble_conn_params.o
 .text.sd_ble_gap_adv_stop
                0x000000000001c098        0x8 _build/ble_conn_params.o
 .text.sd_ble_gap_conn_param_update
                0x000000000001c0a0        0x8 _build/ble_conn_params.o
 .text.sd_ble_gap_disconnect
                0x000000000001c0a8        0x8 _build/ble_conn_params.o
 .text.sd_ble_gap_tx_power_set
                0x000000000001c0b0        0x8 _build/ble_conn_params.o
 .text.sd_ble_gap_appearance_set
                0x000000000001c0b8        0x8 _build/ble_conn_params.o
 .text.sd_ble_gap_appearance_get
                0x000000000001c0c0        0x8 _build/ble_conn_params.o
 .text.sd_ble_gap_ppcp_set
                0x000000000001c0c8        0x8 _build/ble_conn_params.o
 .text.sd_ble_gap_ppcp_get
                0x000000000001c0d0        0x8 _build/ble_conn_params.o
 .text.sd_ble_gap_device_name_set
                0x000000000001c0d8        0x8 _build/ble_conn_params.o
 .text.sd_ble_gap_device_name_get
                0x000000000001c0e0        0x8 _build/ble_conn_params.o
 .text.sd_ble_gap_authenticate
                0x000000000001c0e8        0x8 _build/ble_conn_params.o
 .text.sd_ble_gap_sec_params_reply
                0x000000000001c0f0        0x8 _build/ble_conn_params.o
 .text.sd_ble_gap_auth_key_reply
                0x000000000001c0f8        0x8 _build/ble_conn_params.o
 .text.sd_ble_gap_sec_info_reply
                0x000000000001c100        0x8 _build/ble_conn_params.o
 .text.sd_ble_gap_conn_sec_get
                0x000000000001c108        0x8 _build/ble_conn_params.o
 .text.sd_ble_gap_rssi_start
                0x000000000001c110        0x8 _build/ble_conn_params.o
 .text.sd_ble_gap_rssi_stop
                0x000000000001c118        0x8 _build/ble_conn_params.o
 .text.sd_ble_l2cap_cid_register
                0x000000000001c120        0x8 _build/ble_conn_params.o
 .text.sd_ble_l2cap_cid_unregister
                0x000000000001c128        0x8 _build/ble_conn_params.o
 .text.sd_ble_l2cap_tx
                0x000000000001c130        0x8 _build/ble_conn_params.o
 .text.sd_ble_gattc_primary_services_discover
                0x000000000001c138        0x8 _build/ble_conn_params.o
 .text.sd_ble_gattc_relationships_discover
                0x000000000001c140        0x8 _build/ble_conn_params.o
 .text.sd_ble_gattc_characteristics_discover
                0x000000000001c148        0x8 _build/ble_conn_params.o
 .text.sd_ble_gattc_descriptors_discover
                0x000000000001c150        0x8 _build/ble_conn_params.o
 .text.sd_ble_gattc_char_value_by_uuid_read
                0x000000000001c158        0x8 _build/ble_conn_params.o
 .text.sd_ble_gattc_read
                0x000000000001c160        0x8 _build/ble_conn_params.o
 .text.sd_ble_gattc_char_values_read
                0x000000000001c168        0x8 _build/ble_conn_params.o
 .text.sd_ble_gattc_write
                0x000000000001c170        0x8 _build/ble_conn_params.o
 .text.sd_ble_gattc_hv_confirm
                0x000000000001c178        0x8 _build/ble_conn_params.o
 .text.sd_ble_gatts_service_add
                0x000000000001c180        0x8 _build/ble_conn_params.o
 .text.sd_ble_gatts_include_add
                0x000000000001c188        0x8 _build/ble_conn_params.o
 .text.sd_ble_gatts_characteristic_add
                0x000000000001c190        0x8 _build/ble_conn_params.o
 .text.sd_ble_gatts_descriptor_add
                0x000000000001c198        0x8 _build/ble_conn_params.o
 .text.sd_ble_gatts_value_set
                0x000000000001c1a0        0x8 _build/ble_conn_params.o
 .text.sd_ble_gatts_value_get
                0x000000000001c1a8        0x8 _build/ble_conn_params.o
 .text.sd_ble_gatts_hvx
                0x000000000001c1b0        0x8 _build/ble_conn_params.o
 .text.sd_ble_gatts_service_changed
                0x000000000001c1b8        0x8 _build/ble_conn_params.o
 .text.sd_ble_gatts_rw_authorize_reply
                0x000000000001c1c0        0x8 _build/ble_conn_params.o
 .text.sd_ble_gatts_sys_attr_set
                0x000000000001c1c8        0x8 _build/ble_conn_params.o
 .text.sd_ble_gatts_sys_attr_get
                0x000000000001c1d0        0x8 _build/ble_conn_params.o
 .text.sd_ble_evt_get
                0x000000000001c1d8        0x8 _build/ble_conn_params.o
 .text.sd_ble_tx_buffer_count_get
                0x000000000001c1e0        0x8 _build/ble_conn_params.o
 .text.sd_ble_uuid_vs_add
                0x000000000001c1e8        0x8 _build/ble_conn_params.o
 .text.sd_ble_uuid_decode
                0x000000000001c1f0        0x8 _build/ble_conn_params.o
 .text.sd_ble_uuid_encode
                0x000000000001c1f8        0x8 _build/ble_conn_params.o
 .text.sd_ble_version_get
                0x000000000001c200        0x8 _build/ble_conn_params.o
 .text.sd_ble_user_mem_reply
                0x000000000001c208        0x8 _build/ble_conn_params.o
 .text.uint16_decode
                0x000000000001c210       0x28 _build/ble_conn_params.o
 .text.ble_srv_is_notification_enabled
                0x000000000001c238       0x30 _build/ble_conn_params.o
 .text.is_conn_params_ok
                0x000000000001c268       0x34 _build/ble_conn_params.o
 .text.update_timeout_handler
                0x000000000001c29c       0xc4 _build/ble_conn_params.o
 .text.ble_conn_params_init
                0x000000000001c360       0xac _build/ble_conn_params.o
                0x000000000001c360                ble_conn_params_init
 .text.ble_conn_params_stop
                0x000000000001c40c       0x1c _build/ble_conn_params.o
                0x000000000001c40c                ble_conn_params_stop
 .text.conn_params_negotiation
                0x000000000001c428       0xbc _build/ble_conn_params.o
 .text.on_connect
                0x000000000001c4e4       0x4c _build/ble_conn_params.o
 .text.on_disconnect
                0x000000000001c530       0x54 _build/ble_conn_params.o
 .text.on_write
                0x000000000001c584       0x6c _build/ble_conn_params.o
 .text.on_conn_params_update
                0x000000000001c5f0       0x2c _build/ble_conn_params.o
 .text.ble_conn_params_on_ble_evt
                0x000000000001c61c       0x50 _build/ble_conn_params.o
                0x000000000001c61c                ble_conn_params_on_ble_evt
 .text.ble_conn_params_change_conn_params
                0x000000000001c66c       0xa4 _build/ble_conn_params.o
                0x000000000001c66c                ble_conn_params_change_conn_params
 .text          0x000000000001c710        0x0 _build/ble_flash.o
 .text.sd_mutex_new
                0x000000000001c710        0x8 _build/ble_flash.o
 .text.sd_mutex_acquire
                0x000000000001c718        0x8 _build/ble_flash.o
 .text.sd_mutex_release
                0x000000000001c720        0x8 _build/ble_flash.o
 .text.sd_nvic_EnableIRQ
                0x000000000001c728        0x8 _build/ble_flash.o
 .text.sd_nvic_DisableIRQ
                0x000000000001c730        0x8 _build/ble_flash.o
 .text.sd_nvic_GetPendingIRQ
                0x000000000001c738        0x8 _build/ble_flash.o
 .text.sd_nvic_SetPendingIRQ
                0x000000000001c740        0x8 _build/ble_flash.o
 .text.sd_nvic_ClearPendingIRQ
                0x000000000001c748        0x8 _build/ble_flash.o
 .text.sd_nvic_SetPriority
                0x000000000001c750        0x8 _build/ble_flash.o
 .text.sd_nvic_GetPriority
                0x000000000001c758        0x8 _build/ble_flash.o
 .text.sd_nvic_SystemReset
                0x000000000001c760        0x8 _build/ble_flash.o
 .text.sd_nvic_critical_region_enter
                0x000000000001c768        0x8 _build/ble_flash.o
 .text.sd_nvic_critical_region_exit
                0x000000000001c770        0x8 _build/ble_flash.o
 .text.sd_rand_application_pool_capacity_get
                0x000000000001c778        0x8 _build/ble_flash.o
 .text.sd_rand_application_bytes_available_get
                0x000000000001c780        0x8 _build/ble_flash.o
 .text.sd_rand_application_vector_get
                0x000000000001c788        0x8 _build/ble_flash.o
 .text.sd_power_reset_reason_get
                0x000000000001c790        0x8 _build/ble_flash.o
 .text.sd_power_reset_reason_clr
                0x000000000001c798        0x8 _build/ble_flash.o
 .text.sd_power_mode_set
                0x000000000001c7a0        0x8 _build/ble_flash.o
 .text.sd_power_system_off
                0x000000000001c7a8        0x8 _build/ble_flash.o
 .text.sd_power_pof_enable
                0x000000000001c7b0        0x8 _build/ble_flash.o
 .text.sd_power_pof_threshold_set
                0x000000000001c7b8        0x8 _build/ble_flash.o
 .text.sd_power_ramon_set
                0x000000000001c7c0        0x8 _build/ble_flash.o
 .text.sd_power_ramon_clr
                0x000000000001c7c8        0x8 _build/ble_flash.o
 .text.sd_power_ramon_get
                0x000000000001c7d0        0x8 _build/ble_flash.o
 .text.sd_power_gpregret_set
                0x000000000001c7d8        0x8 _build/ble_flash.o
 .text.sd_power_gpregret_clr
                0x000000000001c7e0        0x8 _build/ble_flash.o
 .text.sd_power_gpregret_get
                0x000000000001c7e8        0x8 _build/ble_flash.o
 .text.sd_power_dcdc_mode_set
                0x000000000001c7f0        0x8 _build/ble_flash.o
 .text.sd_clock_hfclk_request
                0x000000000001c7f8        0x8 _build/ble_flash.o
 .text.sd_clock_hfclk_release
                0x000000000001c800        0x8 _build/ble_flash.o
 .text.sd_clock_hfclk_is_running
                0x000000000001c808        0x8 _build/ble_flash.o
 .text.sd_app_evt_wait
                0x000000000001c810        0x8 _build/ble_flash.o
 .text.sd_ppi_channel_enable_get
                0x000000000001c818        0x8 _build/ble_flash.o
 .text.sd_ppi_channel_enable_set
                0x000000000001c820        0x8 _build/ble_flash.o
 .text.sd_ppi_channel_enable_clr
                0x000000000001c828        0x8 _build/ble_flash.o
 .text.sd_ppi_channel_assign
                0x000000000001c830        0x8 _build/ble_flash.o
 .text.sd_ppi_group_task_enable
                0x000000000001c838        0x8 _build/ble_flash.o
 .text.sd_ppi_group_task_disable
                0x000000000001c840        0x8 _build/ble_flash.o
 .text.sd_ppi_group_assign
                0x000000000001c848        0x8 _build/ble_flash.o
 .text.sd_ppi_group_get
                0x000000000001c850        0x8 _build/ble_flash.o
 .text.sd_radio_notification_cfg_set
                0x000000000001c858        0x8 _build/ble_flash.o
 .text.sd_ecb_block_encrypt
                0x000000000001c860        0x8 _build/ble_flash.o
 .text.sd_evt_get
                0x000000000001c868        0x8 _build/ble_flash.o
 .text.sd_temp_get
                0x000000000001c870        0x8 _build/ble_flash.o
 .text.sd_flash_write
                0x000000000001c878        0x8 _build/ble_flash.o
 .text.sd_flash_page_erase
                0x000000000001c880        0x8 _build/ble_flash.o
 .text.sd_flash_protect
                0x000000000001c888        0x8 _build/ble_flash.o
 .text.ble_flash_crc16_compute
                0x000000000001c890       0xf4 _build/ble_flash.o
                0x000000000001c890                ble_flash_crc16_compute
 .text.flash_page_erase
                0x000000000001c984       0x5c _build/ble_flash.o
 .text.flash_word_unprotected_write
                0x000000000001c9e0       0x58 _build/ble_flash.o
 .text.flash_word_write
                0x000000000001ca38       0x6c _build/ble_flash.o
 .text.ble_flash_word_write
                0x000000000001caa4       0x20 _build/ble_flash.o
                0x000000000001caa4                ble_flash_word_write
 .text.ble_flash_block_write
                0x000000000001cac4       0x5c _build/ble_flash.o
                0x000000000001cac4                ble_flash_block_write
 .text.ble_flash_page_erase
                0x000000000001cb20       0x30 _build/ble_flash.o
                0x000000000001cb20                ble_flash_page_erase
 .text.ble_flash_page_write
                0x000000000001cb50       0xe0 _build/ble_flash.o
                0x000000000001cb50                ble_flash_page_write
 .text.ble_flash_page_read
                0x000000000001cc30       0xb8 _build/ble_flash.o
                0x000000000001cc30                ble_flash_page_read
 .text.ble_flash_page_addr
                0x000000000001cce8       0x2c _build/ble_flash.o
                0x000000000001cce8                ble_flash_page_addr
 .text.ble_flash_on_radio_active_evt
                0x000000000001cd14       0x20 _build/ble_flash.o
                0x000000000001cd14                ble_flash_on_radio_active_evt
 .text          0x000000000001cd34        0x0 _build/pstorage.o
 .text.sd_mutex_new
                0x000000000001cd34        0x8 _build/pstorage.o
 .text.sd_mutex_acquire
                0x000000000001cd3c        0x8 _build/pstorage.o
 .text.sd_mutex_release
                0x000000000001cd44        0x8 _build/pstorage.o
 .text.sd_nvic_EnableIRQ
                0x000000000001cd4c        0x8 _build/pstorage.o
 .text.sd_nvic_DisableIRQ
                0x000000000001cd54        0x8 _build/pstorage.o
 .text.sd_nvic_GetPendingIRQ
                0x000000000001cd5c        0x8 _build/pstorage.o
 .text.sd_nvic_SetPendingIRQ
                0x000000000001cd64        0x8 _build/pstorage.o
 .text.sd_nvic_ClearPendingIRQ
                0x000000000001cd6c        0x8 _build/pstorage.o
 .text.sd_nvic_SetPriority